Component: ARM Compiler 5.06 update 5 (build 528) Tool: armlink [4d35e2]

==============================================================================

Section Cross References

    startup_stm32g431xx.o(RESET) refers to startup_stm32g431xx.o(STACK) for __initial_sp
    startup_stm32g431xx.o(RESET) refers to startup_stm32g431xx.o(.text) for Reset_Handler
    startup_stm32g431xx.o(RESET) refers to stm32g4xx_it.o(i.NMI_Handler) for NMI_Handler
    startup_stm32g431xx.o(RESET) refers to stm32g4xx_it.o(i.HardFault_Handler) for HardFault_Handler
    startup_stm32g431xx.o(RESET) refers to stm32g4xx_it.o(i.MemManage_Handler) for MemManage_Handler
    startup_stm32g431xx.o(RESET) refers to stm32g4xx_it.o(i.BusFault_Handler) for BusFault_Handler
    startup_stm32g431xx.o(RESET) refers to stm32g4xx_it.o(i.UsageFault_Handler) for UsageFault_Handler
    startup_stm32g431xx.o(RESET) refers to stm32g4xx_it.o(i.SVC_Handler) for SVC_Handler
    startup_stm32g431xx.o(RESET) refers to stm32g4xx_it.o(i.DebugMon_Handler) for DebugMon_Handler
    startup_stm32g431xx.o(RESET) refers to stm32g4xx_it.o(i.PendSV_Handler) for PendSV_Handler
    startup_stm32g431xx.o(RESET) refers to stm32g4xx_it.o(i.SysTick_Handler) for SysTick_Handler
    startup_stm32g431xx.o(RESET) refers to stm32g4xx_it.o(i.DMA1_Channel1_IRQHandler) for DMA1_Channel1_IRQHandler
    startup_stm32g431xx.o(RESET) refers to stm32g4xx_it.o(i.DMA1_Channel2_IRQHandler) for DMA1_Channel2_IRQHandler
    startup_stm32g431xx.o(RESET) refers to stm32g4xx_it.o(i.ADC1_2_IRQHandler) for ADC1_2_IRQHandler
    startup_stm32g431xx.o(RESET) refers to stm32g4xx_it.o(i.USART3_IRQHandler) for USART3_IRQHandler
    startup_stm32g431xx.o(RESET) refers to stm32g4xx_it.o(i.EXTI15_10_IRQHandler) for EXTI15_10_IRQHandler
    startup_stm32g431xx.o(.text) refers to system_stm32g4xx.o(i.SystemInit) for SystemInit
    startup_stm32g431xx.o(.text) refers to entry.o(.ARM.Collect$$$$00000000) for __main
    main.o(i.SystemClock_Config) refers to memseta.o(.text) for __aeabi_memclr4
    main.o(i.SystemClock_Config) refers to stm32g4xx_hal_pwr_ex.o(i.HAL_PWREx_ControlVoltageScaling) for HAL_PWREx_ControlVoltageScaling
    main.o(i.SystemClock_Config) refers to stm32g4xx_hal_rcc.o(i.HAL_RCC_OscConfig) for HAL_RCC_OscConfig
    main.o(i.SystemClock_Config) refers to stm32g4xx_hal_rcc.o(i.HAL_RCC_ClockConfig) for HAL_RCC_ClockConfig
    main.o(i.main) refers to stm32g4xx_hal.o(i.HAL_Init) for HAL_Init
    main.o(i.main) refers to main.o(i.SystemClock_Config) for SystemClock_Config
    main.o(i.main) refers to gpio.o(i.MX_GPIO_Init) for MX_GPIO_Init
    main.o(i.main) refers to dma.o(i.MX_DMA_Init) for MX_DMA_Init
    main.o(i.main) refers to comp.o(i.MX_COMP1_Init) for MX_COMP1_Init
    main.o(i.main) refers to dac.o(i.MX_DAC3_Init) for MX_DAC3_Init
    main.o(i.main) refers to opamp.o(i.MX_OPAMP1_Init) for MX_OPAMP1_Init
    main.o(i.main) refers to opamp.o(i.MX_OPAMP2_Init) for MX_OPAMP2_Init
    main.o(i.main) refers to opamp.o(i.MX_OPAMP3_Init) for MX_OPAMP3_Init
    main.o(i.main) refers to tim.o(i.MX_TIM1_Init) for MX_TIM1_Init
    main.o(i.main) refers to tim.o(i.MX_TIM4_Init) for MX_TIM4_Init
    main.o(i.main) refers to adc.o(i.MX_ADC1_Init) for MX_ADC1_Init
    main.o(i.main) refers to adc.o(i.MX_ADC2_Init) for MX_ADC2_Init
    main.o(i.main) refers to usart.o(i.MX_USART3_UART_Init) for MX_USART3_UART_Init
    main.o(i.main) refers to spi.o(i.MX_SPI1_Init) for MX_SPI1_Init
    main.o(i.main) refers to motor_task_func.o(i.BSP_Init) for BSP_Init
    main.o(i.main) refers to motor_struct.o(i.m_app_Init) for m_app_Init
    gpio.o(i.MX_GPIO_Init) refers to memseta.o(.text) for __aeabi_memclr4
    gpio.o(i.MX_GPIO_Init) refers to stm32g4xx_hal_gpio.o(i.HAL_GPIO_WritePin) for HAL_GPIO_WritePin
    gpio.o(i.MX_GPIO_Init) refers to stm32g4xx_hal_gpio.o(i.HAL_GPIO_Init) for HAL_GPIO_Init
    gpio.o(i.MX_GPIO_Init) refers to stm32g4xx_hal_cortex.o(i.HAL_NVIC_SetPriority) for HAL_NVIC_SetPriority
    gpio.o(i.MX_GPIO_Init) refers to stm32g4xx_hal_cortex.o(i.HAL_NVIC_EnableIRQ) for HAL_NVIC_EnableIRQ
    adc.o(i.HAL_ADC_MspDeInit) refers to stm32g4xx_hal_gpio.o(i.HAL_GPIO_DeInit) for HAL_GPIO_DeInit
    adc.o(i.HAL_ADC_MspDeInit) refers to adc.o(.data) for .data
    adc.o(i.HAL_ADC_MspInit) refers to memseta.o(.text) for __aeabi_memclr4
    adc.o(i.HAL_ADC_MspInit) refers to stm32g4xx_hal_rcc_ex.o(i.HAL_RCCEx_PeriphCLKConfig) for HAL_RCCEx_PeriphCLKConfig
    adc.o(i.HAL_ADC_MspInit) refers to main.o(i.Error_Handler) for Error_Handler
    adc.o(i.HAL_ADC_MspInit) refers to stm32g4xx_hal_gpio.o(i.HAL_GPIO_Init) for HAL_GPIO_Init
    adc.o(i.HAL_ADC_MspInit) refers to stm32g4xx_hal_cortex.o(i.HAL_NVIC_SetPriority) for HAL_NVIC_SetPriority
    adc.o(i.HAL_ADC_MspInit) refers to stm32g4xx_hal_cortex.o(i.HAL_NVIC_EnableIRQ) for HAL_NVIC_EnableIRQ
    adc.o(i.HAL_ADC_MspInit) refers to adc.o(.data) for .data
[...]
    i.HAL_PWREx_ControlVoltageScaling        0x08002870   Section        0  stm32g4xx_hal_pwr_ex.o(i.HAL_PWREx_ControlVoltageScaling)
    i.HAL_PWREx_DisableUCPDDeadBattery       0x0800292c   Section        0  stm32g4xx_hal_pwr_ex.o(i.HAL_PWREx_DisableUCPDDeadBattery)
    i.HAL_RCCEx_PeriphCLKConfig              0x0800293c   Section        0  stm32g4xx_hal_rcc_ex.o(i.HAL_RCCEx_PeriphCLKConfig)
    i.HAL_RCC_ClockConfig                    0x08002bc4   Section        0  stm32g4xx_hal_rcc.o(i.HAL_RCC_ClockConfig)
    i.HAL_RCC_GetHCLKFreq                    0x08002da0   Section        0  stm32g4xx_hal_rcc.o(i.HAL_RCC_GetHCLKFreq)
    i.HAL_RCC_GetPCLK1Freq                   0x08002dac   Section        0  stm32g4xx_hal_rcc.o(i.HAL_RCC_GetPCLK1Freq)
    i.HAL_RCC_GetPCLK2Freq                   0x08002dd0   Section        0  stm32g4xx_hal_rcc.o(i.HAL_RCC_GetPCLK2Freq)
    i.HAL_RCC_GetSysClockFreq                0x08002df4   Section        0  stm32g4xx_hal_rcc.o(i.HAL_RCC_GetSysClockFreq)
    i.HAL_RCC_OscConfig                      0x08002e64   Section        0  stm32g4xx_hal_rcc.o(i.HAL_RCC_OscConfig)
    i.HAL_SPI_Init                           0x08003268   Section        0  stm32g4xx_hal_spi.o(i.HAL_SPI_Init)
    i.HAL_SPI_MspInit                        0x08003354   Section        0  spi.o(i.HAL_SPI_MspInit)
    i.HAL_SYSTICK_Config                     0x080033b8   Section        0  stm32g4xx_hal_cortex.o(i.HAL_SYSTICK_Config)
    i.HAL_TIMEx_ConfigBreakDeadTime          0x080033e0   Section        0  stm32g4xx_hal_tim_ex.o(i.HAL_TIMEx_ConfigBreakDeadTime)
    i.HAL_TIMEx_ConfigBreakInput             0x0800347c   Section        0  stm32g4xx_hal_tim_ex.o(i.HAL_TIMEx_ConfigBreakInput)
    i.HAL_TIMEx_MasterConfigSynchronization  0x08003548   Section        0  stm32g4xx_hal_tim_ex.o(i.HAL_TIMEx_MasterConfigSynchronization)
    i.HAL_TIMEx_PWMN_Start                   0x080035e4   Section        0  stm32g4xx_hal_tim_ex.o(i.HAL_TIMEx_PWMN_Start)
    i.HAL_TIMEx_PWMN_Stop                    0x0800369c   Section        0  stm32g4xx_hal_tim_ex.o(i.HAL_TIMEx_PWMN_Stop)
    i.HAL_TIM_Base_Init                      0x08003708   Section        0  stm32g4xx_hal_tim.o(i.HAL_TIM_Base_Init)
    i.HAL_TIM_Base_MspInit                   0x0800376c   Section        0  tim.o(i.HAL_TIM_Base_MspInit)
    i.HAL_TIM_Base_Start                     0x08003794   Section        0  stm32g4xx_hal_tim.o(i.HAL_TIM_Base_Start)
    i.HAL_TIM_ConfigClockSource              0x08003800   Section        0  stm32g4xx_hal_tim.o(i.HAL_TIM_ConfigClockSource)
    i.HAL_TIM_Encoder_Init                   0x08003900   Section        0  stm32g4xx_hal_tim.o(i.HAL_TIM_Encoder_Init)
    i.HAL_TIM_Encoder_MspInit                0x080039a8   Section        0  tim.o(i.HAL_TIM_Encoder_MspInit)
    i.HAL_TIM_Encoder_Start                  0x08003a08   Section        0  stm32g4xx_hal_tim.o(i.HAL_TIM_Encoder_Start)
    i.HAL_TIM_MspPostInit                    0x08003a98   Section        0  tim.o(i.HAL_TIM_MspPostInit)
    i.HAL_TIM_PWM_ConfigChannel              0x08003b2c   Section        0  stm32g4xx_hal_tim.o(i.HAL_TIM_PWM_ConfigChannel)
    i.HAL_TIM_PWM_Init                       0x08003c50   Section        0  stm32g4xx_hal_tim.o(i.HAL_TIM_PWM_Init)
    i.HAL_TIM_PWM_MspInit                    0x08003cb2   Section        0  stm32g4xx_hal_tim.o(i.HAL_TIM_PWM_MspInit)
    i.HAL_TIM_PWM_Start                      0x08003cb4   Section        0  stm32g4xx_hal_tim.o(i.HAL_TIM_PWM_Start)
    i.HAL_TIM_PWM_Stop                       0x08003db0   Section        0  stm32g4xx_hal_tim.o(i.HAL_TIM_PWM_Stop)
    i.HAL_UARTEx_DisableFifoMode             0x08003e60   Section        0  stm32g4xx_hal_uart_ex.o(i.HAL_UARTEx_DisableFifoMode)
    i.HAL_UARTEx_ReceiveToIdle_DMA           0x08003e9e   Section        0  stm32g4xx_hal_uart_ex.o(i.HAL_UARTEx_ReceiveToIdle_DMA)
    i.HAL_UARTEx_RxEventCallback             0x08003ee8   Section        0  motor_task_func.o(i.HAL_UARTEx_RxEventCallback)
    i.HAL_UARTEx_RxFifoFullCallback          0x08003f08   Section        0  stm32g4xx_hal_uart_ex.o(i.HAL_UARTEx_RxFifoFullCallback)
    i.HAL_UARTEx_SetRxFifoThreshold          0x08003f0a   Section        0  stm32g4xx_hal_uart_ex.o(i.HAL_UARTEx_SetRxFifoThreshold)
    i.HAL_UARTEx_SetTxFifoThreshold          0x08003f56   Section        0  stm32g4xx_hal_uart_ex.o(i.HAL_UARTEx_SetTxFifoThreshold)
    i.HAL_UARTEx_TxFifoEmptyCallback         0x08003fa2   Section        0  stm32g4xx_hal_uart_ex.o(i.HAL_UARTEx_TxFifoEmptyCallback)
    i.HAL_UARTEx_WakeupCallback              0x08003fa4   Section        0  stm32g4xx_hal_uart_ex.o(i.HAL_UARTEx_WakeupCallback)
    i.HAL_UART_ErrorCallback                 0x08003fa6   Section        0  stm32g4xx_hal_uart.o(i.HAL_UART_ErrorCallback)
    i.HAL_UART_IRQHandler                    0x08003fa8   Section        0  stm32g4xx_hal_uart.o(i.HAL_UART_IRQHandler)
    i.HAL_UART_Init                          0x080042c4   Section        0  stm32g4xx_hal_uart.o(i.HAL_UART_Init)
    i.HAL_UART_MspInit                       0x08004330   Section        0  usart.o(i.HAL_UART_MspInit)
    i.HAL_UART_RxCpltCallback                0x08004424   Section        0  stm32g4xx_hal_uart.o(i.HAL_UART_RxCpltCallback)
    i.HAL_UART_RxHalfCpltCallback            0x08004426   Section        0  stm32g4xx_hal_uart.o(i.HAL_UART_RxHalfCpltCallback)
    i.HAL_UART_Transmit_DMA                  0x08004428   Section        0  stm32g4xx_hal_uart.o(i.HAL_UART_Transmit_DMA)
    i.HAL_UART_TxCpltCallback                0x080044b8   Section        0  stm32g4xx_hal_uart.o(i.HAL_UART_TxCpltCallback)
    i.HAL_UART_TxHalfCpltCallback            0x080044ba   Section        0  stm32g4xx_hal_uart.o(i.HAL_UART_TxHalfCpltCallback)
    i.HardFault_Handler                      0x080044bc   Section        0  stm32g4xx_it.o(i.HardFault_Handler)
    i.LED_LowFreqToggle                      0x080044c0   Section        0  motor_task_func.o(i.LED_LowFreqToggle)
    i.LED_MediumFreqToggle                   0x080044e8   Section        0  motor_task_func.o(i.LED_MediumFreqToggle)
    i.LL_ADC_GetOffsetChannel                0x08004528   Section        0  stm32g4xx_hal_adc.o(i.LL_ADC_GetOffsetChannel)
    LL_ADC_GetOffsetChannel                  0x08004529   Thumb Code    12  stm32g4xx_hal_adc.o(i.LL_ADC_GetOffsetChannel)
    i.LL_ADC_GetOffsetChannel                0x08004534   Section        0  stm32g4xx_hal_adc_ex.o(i.LL_ADC_GetOffsetChannel)
    LL_ADC_GetOffsetChannel                  0x08004535   Thumb Code    12  stm32g4xx_hal_adc_ex.o(i.LL_ADC_GetOffsetChannel)
    i.LL_ADC_INJ_IsConversionOngoing         0x08004540   Section        0  stm32g4xx_hal_adc.o(i.LL_ADC_INJ_IsConversionOngoing)
    LL_ADC_INJ_IsConversionOngoing           0x08004541   Thumb Code     8  stm32g4xx_hal_adc.o(i.LL_ADC_INJ_IsConversionOngoing)
    i.LL_ADC_INJ_IsConversionOngoing         0x08004548   Section        0  stm32g4xx_hal_adc_ex.o(i.LL_ADC_INJ_IsConversionOngoing)
    LL_ADC_INJ_IsConversionOngoing           0x08004549   Thumb Code     8  stm32g4xx_hal_adc_ex.o(i.LL_ADC_INJ_IsConversionOngoing)
    i.LL_ADC_REG_IsConversionOngoing         0x08004550   Section        0  stm32g4xx_hal_adc.o(i.LL_ADC_REG_IsConversionOngoing)
    LL_ADC_REG_IsConversionOngoing           0x08004551   Thumb Code     8  stm32g4xx_hal_adc.o(i.LL_ADC_REG_IsConversionOngoing)
    i.LL_ADC_REG_IsConversionOngoing         0x08004558   Section        0  stm32g4xx_hal_adc_ex.o(i.LL_ADC_REG_IsConversionOngoing)
    LL_ADC_REG_IsConversionOngoing           0x08004559   Thumb Code     8  stm32g4xx_hal_adc_ex.o(i.LL_ADC_REG_IsConversionOngoing)
    i.LL_ADC_REG_IsTriggerSourceSWStart      0x08004560   Section        0  stm32g4xx_hal_adc.o(i.LL_ADC_REG_IsTriggerSourceSWStart)
    LL_ADC_REG_IsTriggerSourceSWStart        0x08004561   Thumb Code    16  stm32g4xx_hal_adc.o(i.LL_ADC_REG_IsTriggerSourceSWStart)
    i.LL_ADC_SetChannelSamplingTime          0x08004570   Section        0  stm32g4xx_hal_adc.o(i.LL_ADC_SetChannelSamplingTime)
    LL_ADC_SetChannelSamplingTime            0x08004571   Thumb Code    30  stm32g4xx_hal_adc.o(i.LL_ADC_SetChannelSamplingTime)
    i.LL_ADC_SetChannelSamplingTime          0x0800458e   Section        0  stm32g4xx_hal_adc_ex.o(i.LL_ADC_SetChannelSamplingTime)
    LL_ADC_SetChannelSamplingTime            0x0800458f   Thumb Code    30  stm32g4xx_hal_adc_ex.o(i.LL_ADC_SetChannelSamplingTime)
    i.LL_ADC_SetOffsetState                  0x080045ac   Section        0  stm32g4xx_hal_adc.o(i.LL_ADC_SetOffsetState)
    LL_ADC_SetOffsetState                    0x080045ad   Thumb Code    16  stm32g4xx_hal_adc.o(i.LL_ADC_SetOffsetState)
    i.LL_ADC_SetOffsetState                  0x080045bc   Section        0  stm32g4xx_hal_adc_ex.o(i.LL_ADC_SetOffsetState)
    LL_ADC_SetOffsetState                    0x080045bd   Thumb Code    16  stm32g4xx_hal_adc_ex.o(i.LL_ADC_SetOffsetState)
    i.MX_ADC1_Init                           0x080045cc   Section        0  adc.o(i.MX_ADC1_Init)
    i.MX_ADC2_Init                           0x080046c0   Section        0  adc.o(i.MX_ADC2_Init)
    i.MX_COMP1_Init                          0x08004780   Section        0  comp.o(i.MX_COMP1_Init)
    i.MX_DAC3_Init                           0x080047b8   Section        0  dac.o(i.MX_DAC3_Init)
    i.MX_DMA_Init                            0x08004810   Section        0  dma.o(i.MX_DMA_Init)
    i.MX_GPIO_Init                           0x0800485c   Section        0  gpio.o(i.MX_GPIO_Init)
    i.MX_OPAMP1_Init                         0x08004938   Section        0  opamp.o(i.MX_OPAMP1_Init)
    i.MX_OPAMP2_Init                         0x0800496c   Section        0  opamp.o(i.MX_OPAMP2_Init)
    i.MX_OPAMP3_Init                         0x080049a0   Section        0  opamp.o(i.MX_OPAMP3_Init)
    i.MX_SPI1_Init                           0x080049d4   Section        0  spi.o(i.MX_SPI1_Init)
    i.MX_TIM1_Init                           0x08004a24   Section        0  tim.o(i.MX_TIM1_Init)
    i.MX_TIM4_Init                           0x08004b78   Section        0  tim.o(i.MX_TIM4_Init)
    i.MX_USART3_UART_Init                    0x08004be8   Section        0  usart.o(i.MX_USART3_UART_Init)
    i.MemManage_Handler                      0x08004c50   Section        0  stm32g4xx_it.o(i.MemManage_Handler)
    i.Motor_Load_UART_Tx_Buff                0x08004c54   Section        0  motor_comm_func.o(i.Motor_Load_UART_Tx_Buff)
    i.Motor_StartTSK                         0x08004cc8   Section        0  motor_task_func.o(i.Motor_StartTSK)
    i.Motor_StopTSK                          0x08004d20   Section        0  motor_task_func.o(i.Motor_StopTSK)
    i.Motor_UART_Rx_Data_Decoding            0x08004d68   Section        0  motor_comm_func.o(i.Motor_UART_Rx_Data_Decoding)
    i.NMI_Handler                            0x08004ddc   Section        0  stm32g4xx_it.o(i.NMI_Handler)
    i.PendSV_Handler                         0x08004dde   Section        0  stm32g4xx_it.o(i.PendSV_Handler)
    i.SVC_Handler                            0x08004de0   Section        0  stm32g4xx_it.o(i.SVC_Handler)
    i.SysTick_Handler                        0x08004de2   Section        0  stm32g4xx_it.o(i.SysTick_Handler)
    i.SystemClock_Config                     0x08004df0   Section        0  main.o(i.SystemClock_Config)
    i.SystemInit                             0x08004e58   Section        0  system_stm32g4xx.o(i.SystemInit)
    i.TIM_Base_SetConfig                     0x08004e68   Section        0  stm32g4xx_hal_tim.o(i.TIM_Base_SetConfig)
    i.TIM_CCxChannelCmd                      0x08004f20   Section        0  stm32g4xx_hal_tim.o(i.TIM_CCxChannelCmd)
    i.TIM_CCxNChannelCmd                     0x08004f3a   Section        0  stm32g4xx_hal_tim_ex.o(i.TIM_CCxNChannelCmd)
    TIM_CCxNChannelCmd                       0x08004f3b   Thumb Code    26  stm32g4xx_hal_tim_ex.o(i.TIM_CCxNChannelCmd)
    i.TIM_ETR_SetConfig                      0x08004f54   Section        0  stm32g4xx_hal_tim.o(i.TIM_ETR_SetConfig)
    i.TIM_ITRx_SetConfig                     0x08004f68   Section        0  stm32g4xx_hal_tim.o(i.TIM_ITRx_SetConfig)
    TIM_ITRx_SetConfig                       0x08004f69   Thumb Code    16  stm32g4xx_hal_tim.o(i.TIM_ITRx_SetConfig)
    i.TIM_OC1_SetConfig                      0x08004f7c   Section        0  stm32g4xx_hal_tim.o(i.TIM_OC1_SetConfig)
    TIM_OC1_SetConfig                        0x08004f7d   Thumb Code   140  stm32g4xx_hal_tim.o(i.TIM_OC1_SetConfig)
    i.TIM_OC2_SetConfig                      0x08005020   Section        0  stm32g4xx_hal_tim.o(i.TIM_OC2_SetConfig)
    i.TIM_OC3_SetConfig                      0x080050b4   Section        0  stm32g4xx_hal_tim.o(i.TIM_OC3_SetConfig)
    TIM_OC3_SetConfig                        0x080050b5   Thumb Code   122  stm32g4xx_hal_tim.o(i.TIM_OC3_SetConfig)
    i.TIM_OC4_SetConfig                      0x08005148   Section        0  stm32g4xx_hal_tim.o(i.TIM_OC4_SetConfig)
    TIM_OC4_SetConfig                        0x08005149   Thumb Code   124  stm32g4xx_hal_tim.o(i.TIM_OC4_SetConfig)
    i.TIM_OC5_SetConfig                      0x080051dc   Section        0  stm32g4xx_hal_tim.o(i.TIM_OC5_SetConfig)
    TIM_OC5_SetConfig                        0x080051dd   Thumb Code    86  stm32g4xx_hal_tim.o(i.TIM_OC5_SetConfig)
    i.TIM_OC6_SetConfig                      0x0800524c   Section        0  stm32g4xx_hal_tim.o(i.TIM_OC6_SetConfig)
    TIM_OC6_SetConfig                        0x0800524d   Thumb Code    88  stm32g4xx_hal_tim.o(i.TIM_OC6_SetConfig)
    i.TIM_TI1_ConfigInputStage               0x080052bc   Section        0  stm32g4xx_hal_tim.o(i.TIM_TI1_ConfigInputStage)
    TIM_TI1_ConfigInputStage                 0x080052bd   Thumb Code    72  stm32g4xx_hal_tim.o(i.TIM_TI1_ConfigInputStage)
    i.TIM_TI2_ConfigInputStage               0x08005318   Section        0  stm32g4xx_hal_tim.o(i.TIM_TI2_ConfigInputStage)
    TIM_TI2_ConfigInputStage                 0x08005319   Thumb Code    56  stm32g4xx_hal_tim.o(i.TIM_TI2_ConfigInputStage)
    i.UARTEx_SetNbDataToProcess              0x08005358   Section        0  stm32g4xx_hal_uart_ex.o(i.UARTEx_SetNbDataToProcess)
    UARTEx_SetNbDataToProcess                0x08005359   Thumb Code    62  stm32g4xx_hal_uart_ex.o(i.UARTEx_SetNbDataToProcess)
    i.UART_AdvFeatureConfig                  0x0800539c   Section        0  stm32g4xx_hal_uart.o(i.UART_AdvFeatureConfig)
    i.UART_CheckIdleState                    0x08005464   Section        0  stm32g4xx_hal_uart.o(i.UART_CheckIdleState)
    i.UART_DMAAbortOnError                   0x08005510   Section        0  stm32g4xx_hal_uart.o(i.UART_DMAAbortOnError)
    UART_DMAAbortOnError                     0x08005511   Thumb Code    10  stm32g4xx_hal_uart.o(i.UART_DMAAbortOnError)
    i.UART_DMAError                          0x0800551a   Section        0  stm32g4xx_hal_uart.o(i.UART_DMAError)
    UART_DMAError                            0x0800551b   Thumb Code    68  stm32g4xx_hal_uart.o(i.UART_DMAError)
    i.UART_DMAReceiveCplt                    0x0800555e   Section        0  stm32g4xx_hal_uart.o(i.UART_DMAReceiveCplt)
    UART_DMAReceiveCplt                      0x0800555f   Thumb Code   160  stm32g4xx_hal_uart.o(i.UART_DMAReceiveCplt)
    i.UART_DMARxHalfCplt                     0x080055fe   Section        0  stm32g4xx_hal_uart.o(i.UART_DMARxHalfCplt)
    UART_DMARxHalfCplt                       0x080055ff   Thumb Code    60  stm32g4xx_hal_uart.o(i.UART_DMARxHalfCplt)
    i.UART_DMATransmitCplt                   0x0800563a   Section        0  stm32g4xx_hal_uart.o(i.UART_DMATransmitCplt)
    UART_DMATransmitCplt                     0x0800563b   Thumb Code    66  stm32g4xx_hal_uart.o(i.UART_DMATransmitCplt)
    i.UART_DMATxHalfCplt                     0x0800567c   Section        0  stm32g4xx_hal_uart.o(i.UART_DMATxHalfCplt)
    UART_DMATxHalfCplt                       0x0800567d   Thumb Code    10  stm32g4xx_hal_uart.o(i.UART_DMATxHalfCplt)
    i.UART_EndRxTransfer                     0x08005688   Section        0  stm32g4xx_hal_uart.o(i.UART_EndRxTransfer)
    UART_EndRxTransfer                       0x08005689   Thumb Code    78  stm32g4xx_hal_uart.o(i.UART_EndRxTransfer)
    i.UART_EndTxTransfer                     0x080056dc   Section        0  stm32g4xx_hal_uart.o(i.UART_EndTxTransfer)
    UART_EndTxTransfer                       0x080056dd   Thumb Code    46  stm32g4xx_hal_uart.o(i.UART_EndTxTransfer)
    i.UART_SetConfig                         0x0800570c   Section        0  stm32g4xx_hal_uart.o(i.UART_SetConfig)
    i.UART_Start_Receive_DMA                 0x08005980   Section        0  stm32g4xx_hal_uart.o(i.UART_Start_Receive_DMA)
    i.UART_WaitOnFlagUntilTimeout            0x08005a28   Section        0  stm32g4xx_hal_uart.o(i.UART_WaitOnFlagUntilTimeout)
    i.USART3_IRQHandler                      0x08005abc   Section        0  stm32g4xx_it.o(i.USART3_IRQHandler)
    i.UsageFault_Handler                     0x08005ac8   Section        0  stm32g4xx_it.o(i.UsageFault_Handler)
    i.__ARM_fpclassifyf                      0x08005aca   Section        0  fpclassifyf.o(i.__ARM_fpclassifyf)
    i.__NVIC_SetPriority                     0x08005af0   Section        0  stm32g4xx_hal_cortex.o(i.__NVIC_SetPriority)
    __NVIC_SetPriority                       0x08005af1   Thumb Code    32  stm32g4xx_hal_cortex.o(i.__NVIC_SetPriority)
    i.__hardfp_cosf                          0x08005b10   Section        0  cosf.o(i.__hardfp_cosf)
    i.__hardfp_powf                          0x08005c60   Section        0  powf.o(i.__hardfp_powf)
    i.__hardfp_sinf                          0x080062c4   Section        0  sinf.o(i.__hardfp_sinf)
    i.__mathlib_flt_divzero                  0x08006454   Section        0  funder.o(i.__mathlib_flt_divzero)
    i.__mathlib_flt_infnan                   0x08006468   Section        0  funder.o(i.__mathlib_flt_infnan)
    i.__mathlib_flt_infnan2                  0x0800646e   Section        0  funder.o(i.__mathlib_flt_infnan2)
    i.__mathlib_flt_invalid                  0x08006474   Section        0  funder.o(i.__mathlib_flt_invalid)
    i.__mathlib_flt_overflow                 0x08006484   Section        0  funder.o(i.__mathlib_flt_overflow)
    i.__mathlib_flt_underflow                0x08006494   Section        0  funder.o(i.__mathlib_flt_underflow)
    i.__mathlib_rredf2                       0x080064a4   Section        0  rredf.o(i.__mathlib_rredf2)
    i.__scatterload_copy                     0x080065f8   Section       14  handlers.o(i.__scatterload_copy)
    i.__scatterload_null                     0x08006606   Section        2  handlers.o(i.__scatterload_null)
    i.__scatterload_zeroinit                 0x08006608   Section       14  handlers.o(i.__scatterload_zeroinit)
    i.__set_errno                            0x08006618   Section        0  errno.o(i.__set_errno)
    i.doubleloop_step                        0x08006624   Section        0  doubleloop.o(i.doubleloop_step)
    i.m_app_Init                             0x08006c28   Section        0  motor_struct.o(i.m_app_Init)
    i.main                                   0x08006c4c   Section        0  main.o(i.main)
    i.my_strtof                              0x08006c94   Section        0  motor_comm_func.o(i.my_strtof)
    i.split_string                           0x08006d98   Section        0  motor_comm_func.o(i.split_string)
    .constdata                               0x08006dc6   Section       24  stm32g4xx_hal_uart.o(.constdata)
    .constdata                               0x08006dde   Section       16  stm32g4xx_hal_uart_ex.o(.constdata)
    numerator                                0x08006dde   Data           8  stm32g4xx_hal_uart_ex.o(.constdata)
    denominator                              0x08006de6   Data           8  stm32g4xx_hal_uart_ex.o(.constdata)
    .constdata                               0x08006dee   Section       16  system_stm32g4xx.o(.constdata)
    .constdata                               0x08006dfe   Section        8  system_stm32g4xx.o(.constdata)
    .constdata                               0x08006e08   Section        4  doubleloop.o(.constdata)
    .constdata                               0x08006e0c   Section      320  powf.o(.constdata)
    table                                    0x08006e0c   Data         128  powf.o(.constdata)
    powersof2to1over16top                    0x08006e8c   Data          64  powf.o(.constdata)
    powersof2to1over16bot                    0x08006ecc   Data          64  powf.o(.constdata)
    powersof2to1over16all                    0x08006f0c   Data          64  powf.o(.constdata)
    .constdata                               0x08006f4c   Section      129  ctype_o.o(.constdata)
    .constdata                               0x08006fd0   Section        4  ctype_o.o(.constdata)
    table                                    0x08006fd0   Data           4  ctype_o.o(.constdata)
    .constdata                               0x08006fd4   Section       32  rredf.o(.constdata)
    twooverpi                                0x08006fd4   Data          32  rredf.o(.constdata)
    .data                                    0x20000000   Section        4  adc.o(.data)
    HAL_RCC_ADC12_CLK_ENABLED                0x20000000   Data           4  adc.o(.data)
    .data                                    0x20000004   Section       12  stm32g4xx_hal.o(.data)
    .data                                    0x20000010   Section        4  system_stm32g4xx.o(.data)
    .data                                    0x20000014   Section       32  motor_comm_func.o(.data)
    .data                                    0x20000034   Section       14  motor_task_func.o(.data)
    MotorState                               0x20000034   Data           1  motor_task_func.o(.data)
    cnt                                      0x20000035   Data           1  motor_task_func.o(.data)
    OffsetCalibration                        0x20000036   Data           1  motor_task_func.o(.data)
    IaU16                                    0x20000038   Data           2  motor_task_func.o(.data)
    IbU16                                    0x2000003a   Data           2  motor_task_func.o(.data)
    IcU16                                    0x2000003c   Data           2  motor_task_func.o(.data)
    LED_Cnt                                  0x2000003e   Data           2  motor_task_func.o(.data)
    LED_Cnt                                  0x20000040   Data           2  motor_task_func.o(.data)
    .data                                    0x20000044   Section       24  doubleloop.o(.data)
    .data                                    0x2000005c   Section        4  errno.o(.data)
    _errno                                   0x2000005c   Data           4  errno.o(.data)
    .bss                                     0x20000060   Section      216  adc.o(.bss)
    .bss                                     0x20000138   Section       36  comp.o(.bss)
    .bss                                     0x2000015c   Section       20  dac.o(.bss)
    .bss                                     0x20000170   Section      180  opamp.o(.bss)
    .bss                                     0x20000224   Section      100  spi.o(.bss)
    .bss                                     0x20000288   Section      152  tim.o(.bss)
    .bss                                     0x20000320   Section      340  usart.o(.bss)
    .bss                                     0x20000474   Section      340  motor_struct.o(.bss)
    .bss                                     0x200005c8   Section       96  doubleloop.o(.bss)
    .bss                                     0x20000628   Section       12  doubleloop.o(.bss)
    rtM_                                     0x20000628   Data          12  doubleloop.o(.bss)
    STACK                                    0x20000638   Section     1024  startup_stm32g431xx.o(STACK)

    Global Symbols

    Symbol Name                              Value     Ov Type        Size  Object(Section)

    BuildAttributes$$THM_ISAv4$E$P$D$K$B$S$7EM$VFPi3$EXTD16$VFPS$VFMA$PE$A:L22UL41UL21$X:L11$S22US41US21$IEEE1$IW$USESV6$~STKCKD$USESV7$~SHL$OTIME$ROPI$IEEEX$EBA8$MICROLIB$REQ8$PRES8$EABIv2 0x00000000   Number         0  anon$$obj.o ABSOLUTE
    __ARM_use_no_argv                        0x00000000   Number         0  main.o ABSOLUTE
    __cpp_initialize__aeabi_                  - Undefined Weak Reference
    __cxa_finalize                            - Undefined Weak Reference
    __decompress                              - Undefined Weak Reference
    _clock_init                               - Undefined Weak Reference
    _microlib_exit                            - Undefined Weak Reference
    __Vectors_Size                           0x000001d8   Number         0  startup_stm32g431xx.o ABSOLUTE
    __Vectors                                0x08000000   Data           4  startup_stm32g431xx.o(RESET)
    __Vectors_End                            0x080001d8   Data           0  startup_stm32g431xx.o(RESET)
    __main                                   0x080001d9   Thumb Code     0  entry.o(.ARM.Collect$$$$00000000)
    _main_stk                                0x080001d9   Thumb Code     0  entry2.o(.ARM.Collect$$$$00000001)
    _main_scatterload                        0x080001dd   Thumb Code     0  entry5.o(.ARM.Collect$$$$00000004)
    __main_after_scatterload                 0x080001e1   Thumb Code     0  entry5.o(.ARM.Collect$$$$00000004)
    _main_clock                              0x080001e1   Thumb Code     0  entry7b.o(.ARM.Collect$$$$00000008)
    _main_cpp_init                           0x080001e1   Thumb Code     0  entry8b.o(.ARM.Collect$$$$0000000A)
    _main_init                               0x080001e1   Thumb Code     0  entry9a.o(.ARM.Collect$$$$0000000B)
    __rt_final_cpp                           0x080001e9   Thumb Code     0  entry10a.o(.ARM.Collect$$$$0000000D)
    __rt_final_exit                          0x080001e9   Thumb Code     0  entry11a.o(.ARM.Collect$$$$0000000F)
    Reset_Handler                            0x080001ed   Thumb Code     8  startup_stm32g431xx.o(.text)
    COMP1_2_3_IRQHandler                     0x08000207   Thumb Code     0  startup_stm32g431xx.o(.text)
    COMP4_IRQHandler                         0x08000207   Thumb Code     0  startup_stm32g431xx.o(.text)
    CORDIC_IRQHandler                        0x08000207   Thumb Code     0  startup_stm32g431xx.o(.text)
    CRS_IRQHandler                           0x08000207   Thumb Code     0  startup_stm32g431xx.o(.text)
    DMA1_Channel3_IRQHandler                 0x08000207   Thumb Code     0  startup_stm32g431xx.o(.text)
    DMA1_Channel4_IRQHandler                 0x08000207   Thumb Code     0  startup_stm32g431xx.o(.text)
    DMA1_Channel5_IRQHandler                 0x08000207   Thumb Code     0  startup_stm32g431xx.o(.text)
    DMA1_Channel6_IRQHandler                 0x08000207   Thumb Code     0  startup_stm32g431xx.o(.text)
    DMA2_Channel1_IRQHandler                 0x08000207   Thumb Code     0  startup_stm32g431xx.o(.text)
    DMA2_Channel2_IRQHandler                 0x08000207   Thumb Code     0  startup_stm32g431xx.o(.text)
    DMA2_Channel3_IRQHandler                 0x08000207   Thumb Code     0  startup_stm32g431xx.o(.text)
    DMA2_Channel4_IRQHandler                 0x08000207   Thumb Code     0  startup_stm32g431xx.o(.text)
    DMA2_Channel5_IRQHandler                 0x08000207   Thumb Code     0  startup_stm32g431xx.o(.text)
    DMA2_Channel6_IRQHandler                 0x08000207   Thumb Code     0  startup_stm32g431xx.o(.text)
    DMAMUX_OVR_IRQHandler                    0x08000207   Thumb Code     0  startup_stm32g431xx.o(.text)
    EXTI0_IRQHandler                         0x08000207   Thumb Code     0  startup_stm32g431xx.o(.text)
    EXTI1_IRQHandler                         0x08000207   Thumb Code     0  startup_stm32g431xx.o(.text)
    EXTI2_IRQHandler                         0x08000207   Thumb Code     0  startup_stm32g431xx.o(.text)
    EXTI3_IRQHandler                         0x08000207   Thumb Code     0  startup_stm32g431xx.o(.text)
    EXTI4_IRQHandler                         0x08000207   Thumb Code     0  startup_stm32g431xx.o(.text)
    EXTI9_5_IRQHandler                       0x08000207   Thumb Code     0  startup_stm32g431xx.o(.text)
    FDCAN1_IT0_IRQHandler                    0x08000207   Thumb Code     0  startup_stm32g431xx.o(.text)
    FDCAN1_IT1_IRQHandler                    0x08000207   Thumb Code     0  startup_stm32g431xx.o(.text)
    FLASH_IRQHandler                         0x08000207   Thumb Code     0  startup_stm32g431xx.o(.text)
    FMAC_IRQHandler                          0x08000207   Thumb Code     0  startup_stm32g431xx.o(.text)
    FPU_IRQHandler                           0x08000207   Thumb Code     0  startup_stm32g431xx.o(.text)
    I2C1_ER_IRQHandler                       0x08000207   Thumb Code     0  startup_stm32g431xx.o(.text)
    I2C1_EV_IRQHandler                       0x08000207   Thumb Code     0  startup_stm32g431xx.o(.text)
    I2C2_ER_IRQHandler                       0x08000207   Thumb Code     0  startup_stm32g431xx.o(.text)
    I2C2_EV_IRQHandler                       0x08000207   Thumb Code     0  startup_stm32g431xx.o(.text)
    I2C3_ER_IRQHandler                       0x08000207   Thumb Code     0  startup_stm32g431xx.o(.text)
    I2C3_EV_IRQHandler                       0x08000207   Thumb Code     0  startup_stm32g431xx.o(.text)
    LPTIM1_IRQHandler                        0x08000207   Thumb Code     0  startup_stm32g431xx.o(.text)
    LPUART1_IRQHandler                       0x08000207   Thumb Code     0  startup_stm32g431xx.o(.text)
    PVD_PVM_IRQHandler                       0x08000207   Thumb Code     0  startup_stm32g431xx.o(.text)
    RCC_IRQHandler                           0x08000207   Thumb Code     0  startup_stm32g431xx.o(.text)
    RNG_IRQHandler                           0x08000207   Thumb Code     0  startup_stm32g431xx.o(.text)
    RTC_Alarm_IRQHandler                     0x08000207   Thumb Code     0  startup_stm32g431xx.o(.text)
    RTC_TAMP_LSECSS_IRQHandler               0x08000207   Thumb Code     0  startup_stm32g431xx.o(.text)
    RTC_WKUP_IRQHandler                      0x08000207   Thumb Code     0  startup_stm32g431xx.o(.text)
    SAI1_IRQHandler                          0x08000207   Thumb Code     0  startup_stm32g431xx.o(.text)
    SPI1_IRQHandler                          0x08000207   Thumb Code     0  startup_stm32g431xx.o(.text)
    SPI2_IRQHandler                          0x08000207   Thumb Code     0  startup_stm32g431xx.o(.text)
    SPI3_IRQHandler                          0x08000207   Thumb Code     0  startup_stm32g431xx.o(.text)
    TIM1_BRK_TIM15_IRQHandler                0x08000207   Thumb Code     0  startup_stm32g431xx.o(.text)
    TIM1_CC_IRQHandler                       0x08000207   Thumb Code     0  startup_stm32g431xx.o(.text)
    TIM1_TRG_COM_TIM17_IRQHandler            0x08000207   Thumb Code     0  startup_stm32g431xx.o(.text)
    TIM1_UP_TIM16_IRQHandler                 0x08000207   Thumb Code     0  startup_stm32g431xx.o(.text)
    TIM2_IRQHandler                          0x08000207   Thumb Code     0  startup_stm32g431xx.o(.text)
    TIM3_IRQHandler                          0x08000207   Thumb Code     0  startup_stm32g431xx.o(.text)
    TIM4_IRQHandler                          0x08000207   Thumb Code     0  startup_stm32g431xx.o(.text)
    TIM6_DAC_IRQHandler                      0x08000207   Thumb Code     0  startup_stm32g431xx.o(.text)
    TIM7_IRQHandler                          0x08000207   Thumb Code     0  startup_stm32g431xx.o(.text)
    TIM8_BRK_IRQHandler                      0x08000207   Thumb Code     0  startup_stm32g431xx.o(.text)
    TIM8_CC_IRQHandler                       0x08000207   Thumb Code     0  startup_stm32g431xx.o(.text)
    TIM8_TRG_COM_IRQHandler                  0x08000207   Thumb Code     0  startup_stm32g431xx.o(.text)
    TIM8_UP_IRQHandler                       0x08000207   Thumb Code     0  startup_stm32g431xx.o(.text)
    UART4_IRQHandler                         0x08000207   Thumb Code     0  startup_stm32g431xx.o(.text)
    UCPD1_IRQHandler                         0x08000207   Thumb Code     0  startup_stm32g431xx.o(.text)
    USART1_IRQHandler                        0x08000207   Thumb Code     0  startup_stm32g431xx.o(.text)
    USART2_IRQHandler                        0x08000207   Thumb Code     0  startup_stm32g431xx.o(.text)
    USBWakeUp_IRQHandler                     0x08000207   Thumb Code     0  startup_stm32g431xx.o(.text)
    USB_HP_IRQHandler                        0x08000207   Thumb Code     0  startup_stm32g431xx.o(.text)
    USB_LP_IRQHandler                        0x08000207   Thumb Code     0  startup_stm32g431xx.o(.text)
    WWDG_IRQHandler                          0x08000207   Thumb Code     0  startup_stm32g431xx.o(.text)
    __aeabi_uldivmod                         0x08000211   Thumb Code    98  uldiv.o(.text)
    __rt_ctype_table                         0x08000275   Thumb Code     4  ctype_o.o(.text)
    __aeabi_memcpy                           0x0800027d   Thumb Code    36  memcpya.o(.text)
    __aeabi_memcpy4                          0x0800027d   Thumb Code     0  memcpya.o(.text)
    __aeabi_memcpy8                          0x0800027d   Thumb Code     0  memcpya.o(.text)
    __aeabi_memset                           0x080002a1   Thumb Code    14  memseta.o(.text)
    __aeabi_memset4                          0x080002a1   Thumb Code     0  memseta.o(.text)
    __aeabi_memset8                          0x080002a1   Thumb Code     0  memseta.o(.text)
    __aeabi_memclr                           0x080002af   Thumb Code     4  memseta.o(.text)
    __aeabi_memclr4                          0x080002af   Thumb Code     0  memseta.o(.text)
    __aeabi_memclr8                          0x080002af   Thumb Code     0  memseta.o(.text)
    _memset$wrapper                          0x080002b3   Thumb Code    18  memseta.o(.text)
    __aeabi_llsl                             0x080002c5   Thumb Code    30  llshl.o(.text)
    _ll_shift_l                              0x080002c5   Thumb Code     0  llshl.o(.text)
    __aeabi_llsr                             0x080002e3   Thumb Code    32  llushr.o(.text)
    _ll_ushift_r                             0x080002e3   Thumb Code     0  llushr.o(.text)
    __I$use$fp                               0x08000303   Thumb Code     0  iusefp.o(.text)
    __fp_status                              0x08000303   Thumb Code     4  fpstat.o(.text)
    __ieee_status                            0x08000303   Thumb Code     0  fpstat.o(.text)
    __scatterload                            0x08000309   Thumb Code    28  init.o(.text)
    __scatterload_rt2                        0x08000309   Thumb Code     0  init.o(.text)
    ADC1_2_IRQHandler                        0x0800032d   Thumb Code    18  stm32g4xx_it.o(i.ADC1_2_IRQHandler)
    ADC_Disable                              0x08000349   Thumb Code   106  stm32g4xx_hal_adc.o(i.ADC_Disable)
    ADC_Enable                               0x080003b9   Thumb Code   154  stm32g4xx_hal_adc.o(i.ADC_Enable)
    BSP_Init                                 0x08000465   Thumb Code   160  motor_task_func.o(i.BSP_Init)
    BusFault_Handler                         0x08000539   Thumb Code     2  stm32g4xx_it.o(i.BusFault_Handler)
    DMA1_Channel1_IRQHandler                 0x0800053d   Thumb Code     6  stm32g4xx_it.o(i.DMA1_Channel1_IRQHandler)
    DMA1_Channel2_IRQHandler                 0x08000549   Thumb Code     6  stm32g4xx_it.o(i.DMA1_Channel2_IRQHandler)
    DebugMon_Handler                         0x08000603   Thumb Code     2  stm32g4xx_it.o(i.DebugMon_Handler)
    EXTI15_10_IRQHandler                     0x08000605   Thumb Code    30  stm32g4xx_it.o(i.EXTI15_10_IRQHandler)
    Error_Handler                            0x08000623   Thumb Code     4  main.o(i.Error_Handler)
    FOC_HighFrequencyTask                    0x08000629   Thumb Code   320  motor_task_func.o(i.FOC_HighFrequencyTask)
    FOC_LowFrequencyTask                     0x08000799   Thumb Code   104  motor_task_func.o(i.FOC_LowFrequencyTask)
    Get_Vbus                                 0x08000811   Thumb Code    44  motor_task_func.o(i.Get_Vbus)
    HAL_ADCEx_Calibration_Start              0x08000849   Thumb Code   138  stm32g4xx_hal_adc_ex.o(i.HAL_ADCEx_Calibration_Start)
    HAL_ADCEx_EndOfSamplingCallback          0x080008dd   Thumb Code     2  stm32g4xx_hal_adc_ex.o(i.HAL_ADCEx_EndOfSamplingCallback)
    HAL_ADCEx_InjectedConfigChannel          0x080008e1   Thumb Code  1264  stm32g4xx_hal_adc_ex.o(i.HAL_ADCEx_InjectedConfigChannel)
    HAL_ADCEx_InjectedConvCpltCallback       0x08000df9   Thumb Code    12  motor_task_func.o(i.HAL_ADCEx_InjectedConvCpltCallback)
    HAL_ADCEx_InjectedQueueOverflowCallback  0x08000e09   Thumb Code     2  stm32g4xx_hal_adc_ex.o(i.HAL_ADCEx_InjectedQueueOverflowCallback)
    HAL_ADCEx_InjectedStart                  0x08000e0d   Thumb Code   220  stm32g4xx_hal_adc_ex.o(i.HAL_ADCEx_InjectedStart)
    HAL_ADCEx_InjectedStart_IT               0x08000ef5   Thumb Code   282  stm32g4xx_hal_adc_ex.o(i.HAL_ADCEx_InjectedStart_IT)
    HAL_ADCEx_LevelOutOfWindow2Callback      0x0800101d   Thumb Code     2  stm32g4xx_hal_adc_ex.o(i.HAL_ADCEx_LevelOutOfWindow2Callback)
    HAL_ADCEx_LevelOutOfWindow3Callback      0x0800101f   Thumb Code     2  stm32g4xx_hal_adc_ex.o(i.HAL_ADCEx_LevelOutOfWindow3Callback)
    HAL_ADCEx_MultiModeConfigChannel         0x08001021   Thumb Code   208  stm32g4xx_hal_adc_ex.o(i.HAL_ADCEx_MultiModeConfigChannel)
    HAL_ADC_ConfigChannel                    0x080010f9   Thumb Code  1006  stm32g4xx_hal_adc.o(i.HAL_ADC_ConfigChannel)
    HAL_ADC_ConvCpltCallback                 0x0800151d   Thumb Code     2  stm32g4xx_hal_adc.o(i.HAL_ADC_ConvCpltCallback)
    HAL_ADC_ErrorCallback                    0x0800151f   Thumb Code     2  stm32g4xx_hal_adc.o(i.HAL_ADC_ErrorCallback)
    HAL_ADC_GetValue                         0x08001521   Thumb Code     6  stm32g4xx_hal_adc.o(i.HAL_ADC_GetValue)
    HAL_ADC_IRQHandler                       0x08001529   Thumb Code   612  stm32g4xx_hal_adc.o(i.HAL_ADC_IRQHandler)
    HAL_ADC_Init                             0x08001795   Thumb Code   466  stm32g4xx_hal_adc.o(i.HAL_ADC_Init)
    HAL_ADC_LevelOutOfWindowCallback         0x08001989   Thumb Code     2  stm32g4xx_hal_adc.o(i.HAL_ADC_LevelOutOfWindowCallback)
    HAL_ADC_MspInit                          0x0800198d   Thumb Code   260  adc.o(i.HAL_ADC_MspInit)
    HAL_ADC_Start                            0x08001aa1   Thumb Code   230  stm32g4xx_hal_adc.o(i.HAL_ADC_Start)
    HAL_COMP_Init                            0x08001b95   Thumb Code   266  stm32g4xx_hal_comp.o(i.HAL_COMP_Init)
    HAL_COMP_MspInit                         0x08001cb9   Thumb Code    64  comp.o(i.HAL_COMP_MspInit)
    HAL_COMP_Start                           0x08001d05   Thumb Code    68  stm32g4xx_hal_comp.o(i.HAL_COMP_Start)
    HAL_DAC_ConfigChannel                    0x08001d51   Thumb Code   450  stm32g4xx_hal_dac.o(i.HAL_DAC_ConfigChannel)
    HAL_DAC_Init                             0x08001f1d   Thumb Code    40  stm32g4xx_hal_dac.o(i.HAL_DAC_Init)
    HAL_DAC_MspInit                          0x08001f45   Thumb Code    30  dac.o(i.HAL_DAC_MspInit)
    HAL_DAC_SetValue                         0x08001f6d   Thumb Code    36  stm32g4xx_hal_dac.o(i.HAL_DAC_SetValue)
    HAL_DAC_Start                            0x08001f91   Thumb Code   118  stm32g4xx_hal_dac.o(i.HAL_DAC_Start)
    HAL_DMA_Abort                            0x08002011   Thumb Code   112  stm32g4xx_hal_dma.o(i.HAL_DMA_Abort)
    HAL_DMA_Abort_IT                         0x08002081   Thumb Code   120  stm32g4xx_hal_dma.o(i.HAL_DMA_Abort_IT)
    HAL_DMA_IRQHandler                       0x080020f9   Thumb Code   186  stm32g4xx_hal_dma.o(i.HAL_DMA_IRQHandler)
    HAL_DMA_Init                             0x080021b5   Thumb Code   182  stm32g4xx_hal_dma.o(i.HAL_DMA_Init)
    HAL_DMA_Start_IT                         0x08002279   Thumb Code   140  stm32g4xx_hal_dma.o(i.HAL_DMA_Start_IT)
    HAL_GPIO_EXTI_Callback                   0x08002305   Thumb Code    26  motor_task_func.o(i.HAL_GPIO_EXTI_Callback)
    HAL_GPIO_EXTI_IRQHandler                 0x08002325   Thumb Code    18  stm32g4xx_hal_gpio.o(i.HAL_GPIO_EXTI_IRQHandler)
    HAL_GPIO_Init                            0x0800233d   Thumb Code   532  stm32g4xx_hal_gpio.o(i.HAL_GPIO_Init)
    HAL_GPIO_TogglePin                       0x08002571   Thumb Code    16  stm32g4xx_hal_gpio.o(i.HAL_GPIO_TogglePin)
    HAL_GPIO_WritePin                        0x08002581   Thumb Code    10  stm32g4xx_hal_gpio.o(i.HAL_GPIO_WritePin)
    HAL_GetTick                              0x0800258d   Thumb Code     6  stm32g4xx_hal.o(i.HAL_GetTick)
    HAL_IncTick                              0x08002599   Thumb Code    12  stm32g4xx_hal.o(i.HAL_IncTick)
    HAL_Init                                 0x080025a9   Thumb Code    30  stm32g4xx_hal.o(i.HAL_Init)
    HAL_InitTick                             0x080025c9   Thumb Code    58  stm32g4xx_hal.o(i.HAL_InitTick)
    HAL_MspInit                              0x0800260d   Thumb Code    42  stm32g4xx_hal_msp.o(i.HAL_MspInit)
    HAL_NVIC_EnableIRQ                       0x0800263d   Thumb Code    26  stm32g4xx_hal_cortex.o(i.HAL_NVIC_EnableIRQ)
    HAL_NVIC_SetPriority                     0x08002659   Thumb Code    60  stm32g4xx_hal_cortex.o(i.HAL_NVIC_SetPriority)
    HAL_NVIC_SetPriorityGrouping             0x08002699   Thumb Code    26  stm32g4xx_hal_cortex.o(i.HAL_NVIC_SetPriorityGrouping)
    HAL_OPAMP_Init                           0x080026bd   Thumb Code   236  stm32g4xx_hal_opamp.o(i.HAL_OPAMP_Init)
    HAL_OPAMP_MspInit                        0x080027b1   Thumb Code   134  opamp.o(i.HAL_OPAMP_MspInit)
    HAL_OPAMP_Start                          0x08002845   Thumb Code    44  stm32g4xx_hal_opamp.o(i.HAL_OPAMP_Start)
    HAL_PWREx_ControlVoltageScaling          0x08002871   Thumb Code   174  stm32g4xx_hal_pwr_ex.o(i.HAL_PWREx_ControlVoltageScaling)
    HAL_PWREx_DisableUCPDDeadBattery         0x0800292d   Thumb Code    12  stm32g4xx_hal_pwr_ex.o(i.HAL_PWREx_DisableUCPDDeadBattery)
    HAL_RCCEx_PeriphCLKConfig                0x0800293d   Thumb Code   638  stm32g4xx_hal_rcc_ex.o(i.HAL_RCCEx_PeriphCLKConfig)
    HAL_RCC_ClockConfig                      0x08002bc5   Thumb Code   444  stm32g4xx_hal_rcc.o(i.HAL_RCC_ClockConfig)
    HAL_RCC_GetHCLKFreq                      0x08002da1   Thumb Code     6  stm32g4xx_hal_rcc.o(i.HAL_RCC_GetHCLKFreq)
    HAL_RCC_GetPCLK1Freq                     0x08002dad   Thumb Code    24  stm32g4xx_hal_rcc.o(i.HAL_RCC_GetPCLK1Freq)
    HAL_RCC_GetPCLK2Freq                     0x08002dd1   Thumb Code    24  stm32g4xx_hal_rcc.o(i.HAL_RCC_GetPCLK2Freq)
    HAL_RCC_GetSysClockFreq                  0x08002df5   Thumb Code    98  stm32g4xx_hal_rcc.o(i.HAL_RCC_GetSysClockFreq)
    HAL_RCC_OscConfig                        0x08002e65   Thumb Code  1028  stm32g4xx_hal_rcc.o(i.HAL_RCC_OscConfig)
    HAL_SPI_Init                             0x08003269   Thumb Code   234  stm32g4xx_hal_spi.o(i.HAL_SPI_Init)
    HAL_SPI_MspInit                          0x08003355   Thumb Code    86  spi.o(i.HAL_SPI_MspInit)
    HAL_SYSTICK_Config                       0x080033b9   Thumb Code    40  stm32g4xx_hal_cortex.o(i.HAL_SYSTICK_Config)
    HAL_TIMEx_ConfigBreakDeadTime            0x080033e1   Thumb Code   148  stm32g4xx_hal_tim_ex.o(i.HAL_TIMEx_ConfigBreakDeadTime)
    HAL_TIMEx_ConfigBreakInput               0x0800347d   Thumb Code   202  stm32g4xx_hal_tim_ex.o(i.HAL_TIMEx_ConfigBreakInput)
    HAL_TIMEx_MasterConfigSynchronization    0x08003549   Thumb Code   132  stm32g4xx_hal_tim_ex.o(i.HAL_TIMEx_MasterConfigSynchronization)
    HAL_TIMEx_PWMN_Start                     0x080035e5   Thumb Code   158  stm32g4xx_hal_tim_ex.o(i.HAL_TIMEx_PWMN_Start)
    HAL_TIMEx_PWMN_Stop                      0x0800369d   Thumb Code   102  stm32g4xx_hal_tim_ex.o(i.HAL_TIMEx_PWMN_Stop)
    HAL_TIM_Base_Init                        0x08003709   Thumb Code    98  stm32g4xx_hal_tim.o(i.HAL_TIM_Base_Init)
    HAL_TIM_Base_MspInit                     0x0800376d   Thumb Code    30  tim.o(i.HAL_TIM_Base_MspInit)
    HAL_TIM_Base_Start                       0x08003795   Thumb Code    84  stm32g4xx_hal_tim.o(i.HAL_TIM_Base_Start)
    HAL_TIM_ConfigClockSource                0x08003801   Thumb Code   246  stm32g4xx_hal_tim.o(i.HAL_TIM_ConfigClockSource)
    HAL_TIM_Encoder_Init                     0x08003901   Thumb Code   162  stm32g4xx_hal_tim.o(i.HAL_TIM_Encoder_Init)
    HAL_TIM_Encoder_MspInit                  0x080039a9   Thumb Code    84  tim.o(i.HAL_TIM_Encoder_MspInit)
    HAL_TIM_Encoder_Start                    0x08003a09   Thumb Code   142  stm32g4xx_hal_tim.o(i.HAL_TIM_Encoder_Start)
    HAL_TIM_MspPostInit                      0x08003a99   Thumb Code   136  tim.o(i.HAL_TIM_MspPostInit)
    HAL_TIM_PWM_ConfigChannel                0x08003b2d   Thumb Code   292  stm32g4xx_hal_tim.o(i.HAL_TIM_PWM_ConfigChannel)
    HAL_TIM_PWM_Init                         0x08003c51   Thumb Code    98  stm32g4xx_hal_tim.o(i.HAL_TIM_PWM_Init)
    HAL_TIM_PWM_MspInit                      0x08003cb3   Thumb Code     2  stm32g4xx_hal_tim.o(i.HAL_TIM_PWM_MspInit)
    HAL_TIM_PWM_Start                        0x08003cb5   Thumb Code   218  stm32g4xx_hal_tim.o(i.HAL_TIM_PWM_Start)
    HAL_TIM_PWM_Stop                         0x08003db1   Thumb Code   150  stm32g4xx_hal_tim.o(i.HAL_TIM_PWM_Stop)
    HAL_UARTEx_DisableFifoMode               0x08003e61   Thumb Code    62  stm32g4xx_hal_uart_ex.o(i.HAL_UARTEx_DisableFifoMode)
    HAL_UARTEx_ReceiveToIdle_DMA             0x08003e9f   Thumb Code    74  stm32g4xx_hal_uart_ex.o(i.HAL_UARTEx_ReceiveToIdle_DMA)
    HAL_UARTEx_RxEventCallback               0x08003ee9   Thumb Code    24  motor_task_func.o(i.HAL_UARTEx_RxEventCallback)
    HAL_UARTEx_RxFifoFullCallback            0x08003f09   Thumb Code     2  stm32g4xx_hal_uart_ex.o(i.HAL_UARTEx_RxFifoFullCallback)
    HAL_UARTEx_SetRxFifoThreshold            0x08003f0b   Thumb Code    76  stm32g4xx_hal_uart_ex.o(i.HAL_UARTEx_SetRxFifoThreshold)
    HAL_UARTEx_SetTxFifoThreshold            0x08003f57   Thumb Code    76  stm32g4xx_hal_uart_ex.o(i.HAL_UARTEx_SetTxFifoThreshold)
    HAL_UARTEx_TxFifoEmptyCallback           0x08003fa3   Thumb Code     2  stm32g4xx_hal_uart_ex.o(i.HAL_UARTEx_TxFifoEmptyCallback)
    HAL_UARTEx_WakeupCallback                0x08003fa5   Thumb Code     2  stm32g4xx_hal_uart_ex.o(i.HAL_UARTEx_WakeupCallback)
    HAL_UART_ErrorCallback                   0x08003fa7   Thumb Code     2  stm32g4xx_hal_uart.o(i.HAL_UART_ErrorCallback)
    HAL_UART_IRQHandler                      0x08003fa9   Thumb Code   782  stm32g4xx_hal_uart.o(i.HAL_UART_IRQHandler)
    HAL_UART_Init                            0x080042c5   Thumb Code   106  stm32g4xx_hal_uart.o(i.HAL_UART_Init)
    HAL_UART_MspInit                         0x08004331   Thumb Code   222  usart.o(i.HAL_UART_MspInit)
    HAL_UART_RxCpltCallback                  0x08004425   Thumb Code     2  stm32g4xx_hal_uart.o(i.HAL_UART_RxCpltCallback)
    HAL_UART_RxHalfCpltCallback              0x08004427   Thumb Code     2  stm32g4xx_hal_uart.o(i.HAL_UART_RxHalfCpltCallback)
    HAL_UART_Transmit_DMA                    0x08004429   Thumb Code   132  stm32g4xx_hal_uart.o(i.HAL_UART_Transmit_DMA)
    HAL_UART_TxCpltCallback                  0x080044b9   Thumb Code     2  stm32g4xx_hal_uart.o(i.HAL_UART_TxCpltCallback)
    HAL_UART_TxHalfCpltCallback              0x080044bb   Thumb Code     2  stm32g4xx_hal_uart.o(i.HAL_UART_TxHalfCpltCallback)
    HardFault_Handler                        0x080044bd   Thumb Code     2  stm32g4xx_it.o(i.HardFault_Handler)
    LED_LowFreqToggle                        0x080044c1   Thumb Code    30  motor_task_func.o(i.LED_LowFreqToggle)
    LED_MediumFreqToggle                     0x080044e9   Thumb Code    52  motor_task_func.o(i.LED_MediumFreqToggle)
    MX_ADC1_Init                             0x080045cd   Thumb Code   228  adc.o(i.MX_ADC1_Init)
    MX_ADC2_Init                             0x080046c1   Thumb Code   174  adc.o(i.MX_ADC2_Init)
    MX_COMP1_Init                            0x08004781   Thumb Code    46  comp.o(i.MX_COMP1_Init)
    MX_DAC3_Init                             0x080047b9   Thumb Code    78  dac.o(i.MX_DAC3_Init)
    MX_DMA_Init                              0x08004811   Thumb Code    72  dma.o(i.MX_DMA_Init)
    MX_GPIO_Init                             0x0800485d   Thumb Code   208  gpio.o(i.MX_GPIO_Init)
    MX_OPAMP1_Init                           0x08004939   Thumb Code    42  opamp.o(i.MX_OPAMP1_Init)
    MX_OPAMP2_Init                           0x0800496d   Thumb Code    42  opamp.o(i.MX_OPAMP2_Init)
    MX_OPAMP3_Init                           0x080049a1   Thumb Code    42  opamp.o(i.MX_OPAMP3_Init)
    MX_SPI1_Init                             0x080049d5   Thumb Code    72  spi.o(i.MX_SPI1_Init)
    MX_TIM1_Init                             0x08004a25   Thumb Code   330  tim.o(i.MX_TIM1_Init)
    MX_TIM4_Init                             0x08004b79   Thumb Code   102  tim.o(i.MX_TIM4_Init)
    MX_USART3_UART_Init                      0x08004be9   Thumb Code    94  usart.o(i.MX_USART3_UART_Init)
    MemManage_Handler                        0x08004c51   Thumb Code     2  stm32g4xx_it.o(i.MemManage_Handler)
    Motor_Load_UART_Tx_Buff                  0x08004c55   Thumb Code    90  motor_comm_func.o(i.Motor_Load_UART_Tx_Buff)
    Motor_StartTSK                           0x08004cc9   Thumb Code    72  motor_task_func.o(i.Motor_StartTSK)
    Motor_StopTSK                            0x08004d21   Thumb Code    64  motor_task_func.o(i.Motor_StopTSK)
    Motor_UART_Rx_Data_Decoding              0x08004d69   Thumb Code   112  motor_comm_func.o(i.Motor_UART_Rx_Data_Decoding)
    NMI_Handler                              0x08004ddd   Thumb Code     2  stm32g4xx_it.o(i.NMI_Handler)
    PendSV_Handler                           0x08004ddf   Thumb Code     2  stm32g4xx_it.o(i.PendSV_Handler)
    SVC_Handler                              0x08004de1   Thumb Code     2  stm32g4xx_it.o(i.SVC_Handler)
    SysTick_Handler                          0x08004de3   Thumb Code    14  stm32g4xx_it.o(i.SysTick_Handler)
    SystemClock_Config                       0x08004df1   Thumb Code   102  main.o(i.SystemClock_Config)
    SystemInit                               0x08004e59   Thumb Code    12  system_stm32g4xx.o(i.SystemInit)
    TIM_Base_SetConfig                       0x08004e69   Thumb Code   154  stm32g4xx_hal_tim.o(i.TIM_Base_SetConfig)
    TIM_CCxChannelCmd                        0x08004f21   Thumb Code    26  stm32g4xx_hal_tim.o(i.TIM_CCxChannelCmd)
    TIM_ETR_SetConfig                        0x08004f55   Thumb Code    20  stm32g4xx_hal_tim.o(i.TIM_ETR_SetConfig)
    TIM_OC2_SetConfig                        0x08005021   Thumb Code   124  stm32g4xx_hal_tim.o(i.TIM_OC2_SetConfig)
    UART_AdvFeatureConfig                    0x0800539d   Thumb Code   200  stm32g4xx_hal_uart.o(i.UART_AdvFeatureConfig)
    UART_CheckIdleState                      0x08005465   Thumb Code   172  stm32g4xx_hal_uart.o(i.UART_CheckIdleState)
    UART_SetConfig                           0x0800570d   Thumb Code   582  stm32g4xx_hal_uart.o(i.UART_SetConfig)
    UART_Start_Receive_DMA                   0x08005981   Thumb Code   156  stm32g4xx_hal_uart.o(i.UART_Start_Receive_DMA)
    UART_WaitOnFlagUntilTimeout              0x08005a29   Thumb Code   148  stm32g4xx_hal_uart.o(i.UART_WaitOnFlagUntilTimeout)
    USART3_IRQHandler                        0x08005abd   Thumb Code     6  stm32g4xx_it.o(i.USART3_IRQHandler)
    UsageFault_Handler                       0x08005ac9   Thumb Code     2  stm32g4xx_it.o(i.UsageFault_Handler)
    __ARM_fpclassifyf                        0x08005acb   Thumb Code    38  fpclassifyf.o(i.__ARM_fpclassifyf)
    __hardfp_cosf                            0x08005b11   Thumb Code   280  cosf.o(i.__hardfp_cosf)
    __hardfp_powf                            0x08005c61   Thumb Code  1606  powf.o(i.__hardfp_powf)
    __mathlib_powf                           0x08005c61   Thumb Code     0  powf.o(i.__hardfp_powf)
    __hardfp_sinf                            0x080062c5   Thumb Code   344  sinf.o(i.__hardfp_sinf)
    __mathlib_flt_divzero                    0x08006455   Thumb Code    14  funder.o(i.__mathlib_flt_divzero)
    __mathlib_flt_infnan                     0x08006469   Thumb Code     6  funder.o(i.__mathlib_flt_infnan)
    __mathlib_flt_infnan2                    0x0800646f   Thumb Code     6  funder.o(i.__mathlib_flt_infnan2)
    __mathlib_flt_invalid                    0x08006475   Thumb Code    10  funder.o(i.__mathlib_flt_invalid)
    __mathlib_flt_overflow                   0x08006485   Thumb Code    10  funder.o(i.__mathlib_flt_overflow)
    __mathlib_flt_underflow                  0x08006495   Thumb Code    10  funder.o(i.__mathlib_flt_underflow)
    __mathlib_rredf2                         0x080064a5   Thumb Code   316  rredf.o(i.__mathlib_rredf2)
    __scatterload_copy                       0x080065f9   Thumb Code    14  handlers.o(i.__scatterload_copy)
    __scatterload_null                       0x08006607   Thumb Code     2  handlers.o(i.__scatterload_null)
    __scatterload_zeroinit                   0x08006609   Thumb Code    14  handlers.o(i.__scatterload_zeroinit)
    __set_errno                              0x08006619   Thumb Code     6  errno.o(i.__set_errno)
    doubleloop_step                          0x08006625   Thumb Code  1532  doubleloop.o(i.doubleloop_step)
    m_app_Init                               0x08006c29   Thumb Code    26  motor_struct.o(i.m_app_Init)
    main                                     0x08006c4d   Thumb Code    70  main.o(i.main)
    my_strtof                                0x08006c95   Thumb Code   256  motor_comm_func.o(i.my_strtof)
    split_string                             0x08006d99   Thumb Code    46  motor_comm_func.o(i.split_string)
    UARTPrescTable                           0x08006dc6   Data          24  stm32g4xx_hal_uart.o(.constdata)
    AHBPrescTable                            0x08006dee   Data          16  system_stm32g4xx.o(.constdata)
    APBPrescTable                            0x08006dfe   Data           8  system_stm32g4xx.o(.constdata)
    rtM                                      0x08006e08   Data           4  doubleloop.o(.constdata)
    __ctype_table                            0x08006f4c   Data         129  ctype_o.o(.constdata)
    Region$$Table$$Base                      0x08006ff4   Number         0  anon$$obj.o(Region$$Table)
    Region$$Table$$Limit                     0x08007014   Number         0  anon$$obj.o(Region$$Table)
    uwTickPrio                               0x20000004   Data           4  stm32g4xx_hal.o(.data)
    uwTickFreq                               0x20000008   Data           4  stm32g4xx_hal.o(.data)
    uwTick                                   0x2000000c   Data           4  stm32g4xx_hal.o(.data)
    SystemCoreClock                          0x20000010   Data           4  system_stm32g4xx.o(.data)
    uart_debug_buff                          0x20000014   Data          32  motor_comm_func.o(.data)
    SpeedFd                                  0x20000044   Data           4  doubleloop.o(.data)
    Motor_state                              0x20000048   Data           4  doubleloop.o(.data)
    currkpki                                 0x2000004c   Data           8  doubleloop.o(.data)
    spdkpki                                  0x20000054   Data           8  doubleloop.o(.data)
    hadc1                                    0x20000060   Data         108  adc.o(.bss)
    hadc2                                    0x200000cc   Data         108  adc.o(.bss)
    hcomp1                                   0x20000138   Data          36  comp.o(.bss)
    hdac3                                    0x2000015c   Data          20  dac.o(.bss)
    hopamp1                                  0x20000170   Data          60  opamp.o(.bss)
    hopamp2                                  0x200001ac   Data          60  opamp.o(.bss)
    hopamp3                                  0x200001e8   Data          60  opamp.o(.bss)
    hspi1                                    0x20000224   Data         100  spi.o(.bss)
    htim1                                    0x20000288   Data          76  tim.o(.bss)
    htim4                                    0x200002d4   Data          76  tim.o(.bss)
    huart3                                   0x20000320   Data         148  usart.o(.bss)
    hdma_usart3_tx                           0x200003b4   Data          96  usart.o(.bss)
    hdma_usart3_rx                           0x20000414   Data          96  usart.o(.bss)
    m_app                                    0x20000474   Data         340  motor_struct.o(.bss)
    rtDW                                     0x200005c8   Data          56  doubleloop.o(.bss)
    rtU                                      0x20000600   Data          28  doubleloop.o(.bss)
    rtY                                      0x2000061c   Data          12  doubleloop.o(.bss)
    __initial_sp                             0x20000a38   Data           0  startup_stm32g431xx.o(STACK)



==============================================================================

Memory Map of the image

  Image Entry point : 0x080001d9

  Load Region LR_IROM1 (Base: 0x08000000, Size: 0x00007074, Max: 0x00020000, ABSOLUTE)

    Execution Region ER_IROM1 (Exec base: 0x08000000, Load base: 0x08000000, Size: 0x00007014, Max: 0x00020000, ABSOLUTE)

    Exec Addr    Load Addr    Size         Type   Attr      Idx    E Section Name        Object

    0x08000000   0x08000000   0x000001d8   Data   RO            3    RESET               startup_stm32g431xx.o
    0x080001d8   0x080001d8   0x00000000   Code   RO         5509  * .ARM.Collect$$$$00000000  mc_w.l(entry.o)
    0x080001d8   0x080001d8   0x00000004   Code   RO         5567    .ARM.Collect$$$$00000001  mc_w.l(entry2.o)
    0x080001dc   0x080001dc   0x00000004   Code   RO         5570    .ARM.Collect$$$$00000004  mc_w.l(entry5.o)
    0x080001e0   0x080001e0   0x00000000   Code   RO         5572    .ARM.Collect$$$$00000008  mc_w.l(entry7b.o)
    0x080001e0   0x080001e0   0x00000000   Code   RO         5574    .ARM.Collect$$$$0000000A  mc_w.l(entry8b.o)
    0x080001e0   0x080001e0   0x00000008   Code   RO         5575    .ARM.Collect$$$$0000000B  mc_w.l(entry9a.o)
    0x080001e8   0x080001e8   0x00000000   Code   RO         5577    .ARM.Collect$$$$0000000D  mc_w.l(entry10a.o)
    0x080001e8   0x080001e8   0x00000000   Code   RO         5579    .ARM.Collect$$$$0000000F  mc_w.l(entry11a.o)
    0x080001e8   0x080001e8   0x00000004   Code   RO         5568    .ARM.Collect$$$$00002712  mc_w.l(entry2.o)
    0x080001ec   0x080001ec   0x00000024   Code   RO            4    .text               startup_stm32g431xx.o
    0x08000210   0x08000210   0x00000062   Code   RO         5512    .text               mc_w.l(uldiv.o)
    0x08000272   0x08000272   0x00000002   PAD
    0x08000274   0x08000274   0x00000008   Code   RO         5514    .text               mc_w.l(ctype_o.o)
    0x0800027c   0x0800027c   0x00000024   Code   RO         5542    .text               mc_w.l(memcpya.o)
    0x080002a0   0x080002a0   0x00000024   Code   RO         5544    .text               mc_w.l(memseta.o)
    0x080002c4   0x080002c4   0x0000001e   Code   RO         5581    .text               mc_w.l(llshl.o)
    0x080002e2   0x080002e2   0x00000020   Code   RO         5583    .text               mc_w.l(llushr.o)
    0x08000302   0x08000302   0x00000000   Code   RO         5592    .text               mc_w.l(iusefp.o)
    0x08000302   0x08000302   0x00000004   Code   RO         5593    .text               mf_w.l(fpstat.o)
    0x08000306   0x08000306   0x00000002   PAD
    0x08000308   0x08000308   0x00000024   Code   RO         5595    .text               mc_w.l(init.o)
    0x0800032c   0x0800032c   0x0000001c   Code   RO          613    i.ADC1_2_IRQHandler  stm32g4xx_it.o
    0x08000348   0x08000348   0x00000070   Code   RO          747    i.ADC_Disable       stm32g4xx_hal_adc.o
    0x080003b8   0x080003b8   0x000000ac   Code   RO          748    i.ADC_Enable        stm32g4xx_hal_adc.o
    0x08000464   0x08000464   0x000000d4   Code   RO         5359    i.BSP_Init          motor_task_func.o
    0x08000538   0x08000538   0x00000002   Code   RO          614    i.BusFault_Handler  stm32g4xx_it.o
    0x0800053a   0x0800053a   0x00000002   PAD
    0x0800053c   0x0800053c   0x0000000c   Code   RO          615    i.DMA1_Channel1_IRQHandler  stm32g4xx_it.o
    0x08000548   0x08000548   0x0000000c   Code   RO          616    i.DMA1_Channel2_IRQHandler  stm32g4xx_it.o
    0x08000554   0x08000554   0x00000048   Code   RO         2041    i.DMA_CalcDMAMUXChannelBaseAndMask  stm32g4xx_hal_dma.o
    0x0800059c   0x0800059c   0x00000028   Code   RO         2042    i.DMA_CalcDMAMUXRequestGenBaseAndMask  stm32g4xx_hal_dma.o
    0x080005c4   0x080005c4   0x0000003e   Code   RO         2043    i.DMA_SetConfig     stm32g4xx_hal_dma.o
    0x08000602   0x08000602   0x00000002   Code   RO          617    i.DebugMon_Handler  stm32g4xx_it.o
    0x08000604   0x08000604   0x0000001e   Code   RO          618    i.EXTI15_10_IRQHandler  stm32g4xx_it.o
    0x08000622   0x08000622   0x00000004   Code   RO           13    i.Error_Handler     main.o
    0x08000626   0x08000626   0x00000002   PAD
    0x08000628   0x08000628   0x00000170   Code   RO         5360    i.FOC_HighFrequencyTask  motor_task_func.o
    0x08000798   0x08000798   0x00000078   Code   RO         5361    i.FOC_LowFrequencyTask  motor_task_func.o
    0x08000810   0x08000810   0x00000038   Code   RO         5362    i.Get_Vbus          motor_task_func.o
    0x08000848   0x08000848   0x00000094   Code   RO          981    i.HAL_ADCEx_Calibration_Start  stm32g4xx_hal_adc_ex.o
    0x080008dc   0x080008dc   0x00000002   Code   RO          985    i.HAL_ADCEx_EndOfSamplingCallback  stm32g4xx_hal_adc_ex.o
    0x080008de   0x080008de   0x00000002   PAD
    0x080008e0   0x080008e0   0x00000518   Code   RO          987    i.HAL_ADCEx_InjectedConfigChannel  stm32g4xx_hal_adc_ex.o
    0x08000df8   0x08000df8   0x00000010   Code   RO         5363    i.HAL_ADCEx_InjectedConvCpltCallback  motor_task_func.o
    0x08000e08   0x08000e08   0x00000002   Code   RO          991    i.HAL_ADCEx_InjectedQueueOverflowCallback  stm32g4xx_hal_adc_ex.o
    0x08000e0a   0x08000e0a   0x00000002   PAD
    0x08000e0c   0x08000e0c   0x000000e8   Code   RO          992    i.HAL_ADCEx_InjectedStart  stm32g4xx_hal_adc_ex.o
    0x08000ef4   0x08000ef4   0x00000128   Code   RO          993    i.HAL_ADCEx_InjectedStart_IT  stm32g4xx_hal_adc_ex.o
    0x0800101c   0x0800101c   0x00000002   Code   RO          996    i.HAL_ADCEx_LevelOutOfWindow2Callback  stm32g4xx_hal_adc_ex.o
    0x0800101e   0x0800101e   0x00000002   Code   RO          997    i.HAL_ADCEx_LevelOutOfWindow3Callback  stm32g4xx_hal_adc_ex.o
    0x08001020   0x08001020   0x000000d8   Code   RO          998    i.HAL_ADCEx_MultiModeConfigChannel  stm32g4xx_hal_adc_ex.o
    0x080010f8   0x080010f8   0x00000424   Code   RO          750    i.HAL_ADC_ConfigChannel  stm32g4xx_hal_adc.o
    0x0800151c   0x0800151c   0x00000002   Code   RO          751    i.HAL_ADC_ConvCpltCallback  stm32g4xx_hal_adc.o
    0x0800151e   0x0800151e   0x00000002   Code   RO          754    i.HAL_ADC_ErrorCallback  stm32g4xx_hal_adc.o
    0x08001520   0x08001520   0x00000006   Code   RO          757    i.HAL_ADC_GetValue  stm32g4xx_hal_adc.o
    0x08001526   0x08001526   0x00000002   PAD
    0x08001528   0x08001528   0x0000026c   Code   RO          758    i.HAL_ADC_IRQHandler  stm32g4xx_hal_adc.o
    0x08001794   0x08001794   0x000001f4   Code   RO          759    i.HAL_ADC_Init      stm32g4xx_hal_adc.o
    0x08001988   0x08001988   0x00000002   Code   RO          760    i.HAL_ADC_LevelOutOfWindowCallback  stm32g4xx_hal_adc.o
    0x0800198a   0x0800198a   0x00000002   PAD
    0x0800198c   0x0800198c   0x00000114   Code   RO          253    i.HAL_ADC_MspInit   adc.o
    0x08001aa0   0x08001aa0   0x000000f4   Code   RO          765    i.HAL_ADC_Start     stm32g4xx_hal_adc.o
    0x08001b94   0x08001b94   0x00000124   Code   RO         2700    i.HAL_COMP_Init     stm32g4xx_hal_comp.o
    0x08001cb8   0x08001cb8   0x0000004c   Code   RO          302    i.HAL_COMP_MspInit  comp.o
    0x08001d04   0x08001d04   0x0000004c   Code   RO         2704    i.HAL_COMP_Start    stm32g4xx_hal_comp.o
    0x08001d50   0x08001d50   0x000001cc   Code   RO         2791    i.HAL_DAC_ConfigChannel  stm32g4xx_hal_dac.o
    0x08001f1c   0x08001f1c   0x00000028   Code   RO         2801    i.HAL_DAC_Init      stm32g4xx_hal_dac.o
    0x08001f44   0x08001f44   0x00000028   Code   RO          344    i.HAL_DAC_MspInit   dac.o
    0x08001f6c   0x08001f6c   0x00000024   Code   RO         2804    i.HAL_DAC_SetValue  stm32g4xx_hal_dac.o
    0x08001f90   0x08001f90   0x00000080   Code   RO         2805    i.HAL_DAC_Start     stm32g4xx_hal_dac.o
    0x08002010   0x08002010   0x00000070   Code   RO         2044    i.HAL_DMA_Abort     stm32g4xx_hal_dma.o
    0x08002080   0x08002080   0x00000078   Code   RO         2045    i.HAL_DMA_Abort_IT  stm32g4xx_hal_dma.o
    0x080020f8   0x080020f8   0x000000ba   Code   RO         2049    i.HAL_DMA_IRQHandler  stm32g4xx_hal_dma.o
    0x080021b2   0x080021b2   0x00000002   PAD
    0x080021b4   0x080021b4   0x000000c4   Code   RO         2050    i.HAL_DMA_Init      stm32g4xx_hal_dma.o
    0x08002278   0x08002278   0x0000008c   Code   RO         2054    i.HAL_DMA_Start_IT  stm32g4xx_hal_dma.o
    0x08002304   0x08002304   0x00000020   Code   RO         5364    i.HAL_GPIO_EXTI_Callback  motor_task_func.o
    0x08002324   0x08002324   0x00000018   Code   RO         1905    i.HAL_GPIO_EXTI_IRQHandler  stm32g4xx_hal_gpio.o
    0x0800233c   0x0800233c   0x00000234   Code   RO         1906    i.HAL_GPIO_Init     stm32g4xx_hal_gpio.o
    0x08002570   0x08002570   0x00000010   Code   RO         1909    i.HAL_GPIO_TogglePin  stm32g4xx_hal_gpio.o
    0x08002580   0x08002580   0x0000000a   Code   RO         1910    i.HAL_GPIO_WritePin  stm32g4xx_hal_gpio.o
    0x0800258a   0x0800258a   0x00000002   PAD
    0x0800258c   0x0800258c   0x0000000c   Code   RO         1201    i.HAL_GetTick       stm32g4xx_hal.o
    0x08002598   0x08002598   0x00000010   Code   RO         1207    i.HAL_IncTick       stm32g4xx_hal.o
    0x080025a8   0x080025a8   0x0000001e   Code   RO         1208    i.HAL_Init          stm32g4xx_hal.o
    0x080025c6   0x080025c6   0x00000002   PAD
    0x080025c8   0x080025c8   0x00000044   Code   RO         1209    i.HAL_InitTick      stm32g4xx_hal.o
    0x0800260c   0x0800260c   0x00000030   Code   RO          719    i.HAL_MspInit       stm32g4xx_hal_msp.o
    0x0800263c   0x0800263c   0x0000001a   Code   RO         2555    i.HAL_NVIC_EnableIRQ  stm32g4xx_hal_cortex.o
    0x08002656   0x08002656   0x00000002   PAD
    0x08002658   0x08002658   0x00000040   Code   RO         2561    i.HAL_NVIC_SetPriority  stm32g4xx_hal_cortex.o
    0x08002698   0x08002698   0x00000024   Code   RO         2562    i.HAL_NVIC_SetPriorityGrouping  stm32g4xx_hal_cortex.o
    0x080026bc   0x080026bc   0x000000f4   Code   RO         3079    i.HAL_OPAMP_Init    stm32g4xx_hal_opamp.o
    0x080027b0   0x080027b0   0x00000094   Code   RO          410    i.HAL_OPAMP_MspInit  opamp.o
    0x08002844   0x08002844   0x0000002c   Code   RO         3085    i.HAL_OPAMP_Start   stm32g4xx_hal_opamp.o
    0x08002870   0x08002870   0x000000bc   Code   RO         2309    i.HAL_PWREx_ControlVoltageScaling  stm32g4xx_hal_pwr_ex.o
    0x0800292c   0x0800292c   0x00000010   Code   RO         2321    i.HAL_PWREx_DisableUCPDDeadBattery  stm32g4xx_hal_pwr_ex.o
    0x0800293c   0x0800293c   0x00000288   Code   RO         1568    i.HAL_RCCEx_PeriphCLKConfig  stm32g4xx_hal_rcc_ex.o
    0x08002bc4   0x08002bc4   0x000001dc   Code   RO         1443    i.HAL_RCC_ClockConfig  stm32g4xx_hal_rcc.o
    0x08002da0   0x08002da0   0x0000000c   Code   RO         1449    i.HAL_RCC_GetHCLKFreq  stm32g4xx_hal_rcc.o
    0x08002dac   0x08002dac   0x00000024   Code   RO         1451    i.HAL_RCC_GetPCLK1Freq  stm32g4xx_hal_rcc.o
    0x08002dd0   0x08002dd0   0x00000024   Code   RO         1452    i.HAL_RCC_GetPCLK2Freq  stm32g4xx_hal_rcc.o
    0x08002df4   0x08002df4   0x00000070   Code   RO         1453    i.HAL_RCC_GetSysClockFreq  stm32g4xx_hal_rcc.o
    0x08002e64   0x08002e64   0x00000404   Code   RO         1456    i.HAL_RCC_OscConfig  stm32g4xx_hal_rcc.o
    0x08003268   0x08003268   0x000000ea   Code   RO         3195    i.HAL_SPI_Init      stm32g4xx_hal_spi.o
    0x08003352   0x08003352   0x00000002   PAD
    0x08003354   0x08003354   0x00000064   Code   RO          464    i.HAL_SPI_MspInit   spi.o
    0x080033b8   0x080033b8   0x00000028   Code   RO         2566    i.HAL_SYSTICK_Config  stm32g4xx_hal_cortex.o
    0x080033e0   0x080033e0   0x0000009c   Code   RO         4256    i.HAL_TIMEx_ConfigBreakDeadTime  stm32g4xx_hal_tim_ex.o
    0x0800347c   0x0800347c   0x000000ca   Code   RO         4257    i.HAL_TIMEx_ConfigBreakInput  stm32g4xx_hal_tim_ex.o
    0x08003546   0x08003546   0x00000002   PAD
    0x08003548   0x08003548   0x0000009c   Code   RO         4293    i.HAL_TIMEx_MasterConfigSynchronization  stm32g4xx_hal_tim_ex.o
    0x080035e4   0x080035e4   0x000000b8   Code   RO         4305    i.HAL_TIMEx_PWMN_Start  stm32g4xx_hal_tim_ex.o
    0x0800369c   0x0800369c   0x0000006c   Code   RO         4308    i.HAL_TIMEx_PWMN_Stop  stm32g4xx_hal_tim_ex.o
    0x08003708   0x08003708   0x00000062   Code   RO         3537    i.HAL_TIM_Base_Init  stm32g4xx_hal_tim.o
    0x0800376a   0x0800376a   0x00000002   PAD
    0x0800376c   0x0800376c   0x00000028   Code   RO          506    i.HAL_TIM_Base_MspInit  tim.o
    0x08003794   0x08003794   0x0000006c   Code   RO         3540    i.HAL_TIM_Base_Start  stm32g4xx_hal_tim.o
    0x08003800   0x08003800   0x00000100   Code   RO         3546    i.HAL_TIM_ConfigClockSource  stm32g4xx_hal_tim.o
    0x08003900   0x08003900   0x000000a8   Code   RO         3558    i.HAL_TIM_Encoder_Init  stm32g4xx_hal_tim.o
    0x080039a8   0x080039a8   0x00000060   Code   RO          508    i.HAL_TIM_Encoder_MspInit  tim.o
    0x08003a08   0x08003a08   0x0000008e   Code   RO         3561    i.HAL_TIM_Encoder_Start  stm32g4xx_hal_tim.o
    0x08003a96   0x08003a96   0x00000002   PAD
    0x08003a98   0x08003a98   0x00000094   Code   RO          509    i.HAL_TIM_MspPostInit  tim.o
    0x08003b2c   0x08003b2c   0x00000124   Code   RO         3609    i.HAL_TIM_PWM_ConfigChannel  stm32g4xx_hal_tim.o
    0x08003c50   0x08003c50   0x00000062   Code   RO         3612    i.HAL_TIM_PWM_Init  stm32g4xx_hal_tim.o
    0x08003cb2   0x08003cb2   0x00000002   Code   RO         3614    i.HAL_TIM_PWM_MspInit  stm32g4xx_hal_tim.o
    0x08003cb4   0x08003cb4   0x000000fc   Code   RO         3617    i.HAL_TIM_PWM_Start  stm32g4xx_hal_tim.o
    0x08003db0   0x08003db0   0x000000b0   Code   RO         3620    i.HAL_TIM_PWM_Stop  stm32g4xx_hal_tim.o
    0x08003e60   0x08003e60   0x0000003e   Code   RO         5100    i.HAL_UARTEx_DisableFifoMode  stm32g4xx_hal_uart_ex.o
    0x08003e9e   0x08003e9e   0x0000004a   Code   RO         5106    i.HAL_UARTEx_ReceiveToIdle_DMA  stm32g4xx_hal_uart_ex.o
    0x08003ee8   0x08003ee8   0x00000020   Code   RO         5365    i.HAL_UARTEx_RxEventCallback  motor_task_func.o
    0x08003f08   0x08003f08   0x00000002   Code   RO         5108    i.HAL_UARTEx_RxFifoFullCallback  stm32g4xx_hal_uart_ex.o
    0x08003f0a   0x08003f0a   0x0000004c   Code   RO         5109    i.HAL_UARTEx_SetRxFifoThreshold  stm32g4xx_hal_uart_ex.o
    0x08003f56   0x08003f56   0x0000004c   Code   RO         5110    i.HAL_UARTEx_SetTxFifoThreshold  stm32g4xx_hal_uart_ex.o
    0x08003fa2   0x08003fa2   0x00000002   Code   RO         5112    i.HAL_UARTEx_TxFifoEmptyCallback  stm32g4xx_hal_uart_ex.o
    0x08003fa4   0x08003fa4   0x00000002   Code   RO         5113    i.HAL_UARTEx_WakeupCallback  stm32g4xx_hal_uart_ex.o
    0x08003fa6   0x08003fa6   0x00000002   Code   RO         4705    i.HAL_UART_ErrorCallback  stm32g4xx_hal_uart.o
    0x08003fa8   0x08003fa8   0x0000031c   Code   RO         4708    i.HAL_UART_IRQHandler  stm32g4xx_hal_uart.o
    0x080042c4   0x080042c4   0x0000006a   Code   RO         4709    i.HAL_UART_Init     stm32g4xx_hal_uart.o
    0x0800432e   0x0800432e   0x00000002   PAD
    0x08004330   0x08004330   0x000000f4   Code   RO          572    i.HAL_UART_MspInit  usart.o
    0x08004424   0x08004424   0x00000002   Code   RO         4716    i.HAL_UART_RxCpltCallback  stm32g4xx_hal_uart.o
    0x08004426   0x08004426   0x00000002   Code   RO         4717    i.HAL_UART_RxHalfCpltCallback  stm32g4xx_hal_uart.o
    0x08004428   0x08004428   0x00000090   Code   RO         4719    i.HAL_UART_Transmit_DMA  stm32g4xx_hal_uart.o
    0x080044b8   0x080044b8   0x00000002   Code   RO         4721    i.HAL_UART_TxCpltCallback  stm32g4xx_hal_uart.o
    0x080044ba   0x080044ba   0x00000002   Code   RO         4722    i.HAL_UART_TxHalfCpltCallback  stm32g4xx_hal_uart.o
    0x080044bc   0x080044bc   0x00000002   Code   RO          619    i.HardFault_Handler  stm32g4xx_it.o
    0x080044be   0x080044be   0x00000002   PAD
    0x080044c0   0x080044c0   0x00000028   Code   RO         5366    i.LED_LowFreqToggle  motor_task_func.o
    0x080044e8   0x080044e8   0x00000040   Code   RO         5367    i.LED_MediumFreqToggle  motor_task_func.o
    0x08004528   0x08004528   0x0000000c   Code   RO          773    i.LL_ADC_GetOffsetChannel  stm32g4xx_hal_adc.o
    0x08004534   0x08004534   0x0000000c   Code   RO         1006    i.LL_ADC_GetOffsetChannel  stm32g4xx_hal_adc_ex.o
    0x08004540   0x08004540   0x00000008   Code   RO          774    i.LL_ADC_INJ_IsConversionOngoing  stm32g4xx_hal_adc.o
    0x08004548   0x08004548   0x00000008   Code   RO         1007    i.LL_ADC_INJ_IsConversionOngoing  stm32g4xx_hal_adc_ex.o
    0x08004550   0x08004550   0x00000008   Code   RO          775    i.LL_ADC_REG_IsConversionOngoing  stm32g4xx_hal_adc.o
    0x08004558   0x08004558   0x00000008   Code   RO         1008    i.LL_ADC_REG_IsConversionOngoing  stm32g4xx_hal_adc_ex.o
    0x08004560   0x08004560   0x00000010   Code   RO          776    i.LL_ADC_REG_IsTriggerSourceSWStart  stm32g4xx_hal_adc.o
    0x08004570   0x08004570   0x0000001e   Code   RO          778    i.LL_ADC_SetChannelSamplingTime  stm32g4xx_hal_adc.o
    0x0800458e   0x0800458e   0x0000001e   Code   RO         1009    i.LL_ADC_SetChannelSamplingTime  stm32g4xx_hal_adc_ex.o
    0x080045ac   0x080045ac   0x00000010   Code   RO          779    i.LL_ADC_SetOffsetState  stm32g4xx_hal_adc.o
    0x080045bc   0x080045bc   0x00000010   Code   RO         1010    i.LL_ADC_SetOffsetState  stm32g4xx_hal_adc_ex.o
    0x080045cc   0x080045cc   0x000000f4   Code   RO          254    i.MX_ADC1_Init      adc.o
    0x080046c0   0x080046c0   0x000000c0   Code   RO          255    i.MX_ADC2_Init      adc.o
    0x08004780   0x08004780   0x00000038   Code   RO          303    i.MX_COMP1_Init     comp.o
    0x080047b8   0x080047b8   0x00000058   Code   RO          345    i.MX_DAC3_Init      dac.o
    0x08004810   0x08004810   0x0000004c   Code   RO          385    i.MX_DMA_Init       dma.o
    0x0800485c   0x0800485c   0x000000dc   Code   RO          228    i.MX_GPIO_Init      gpio.o
    0x08004938   0x08004938   0x00000034   Code   RO          411    i.MX_OPAMP1_Init    opamp.o
    0x0800496c   0x0800496c   0x00000034   Code   RO          412    i.MX_OPAMP2_Init    opamp.o
    0x080049a0   0x080049a0   0x00000034   Code   RO          413    i.MX_OPAMP3_Init    opamp.o
    0x080049d4   0x080049d4   0x00000050   Code   RO          465    i.MX_SPI1_Init      spi.o
    0x08004a24   0x08004a24   0x00000154   Code   RO          510    i.MX_TIM1_Init      tim.o
    0x08004b78   0x08004b78   0x00000070   Code   RO          511    i.MX_TIM4_Init      tim.o
    0x08004be8   0x08004be8   0x00000068   Code   RO          573    i.MX_USART3_UART_Init  usart.o
    0x08004c50   0x08004c50   0x00000002   Code   RO          620    i.MemManage_Handler  stm32g4xx_it.o
    0x08004c52   0x08004c52   0x00000002   PAD
    0x08004c54   0x08004c54   0x00000074   Code   RO         5286    i.Motor_Load_UART_Tx_Buff  motor_comm_func.o
    0x08004cc8   0x08004cc8   0x00000058   Code   RO         5368    i.Motor_StartTSK    motor_task_func.o
    0x08004d20   0x08004d20   0x00000048   Code   RO         5369    i.Motor_StopTSK     motor_task_func.o
    0x08004d68   0x08004d68   0x00000074   Code   RO         5287    i.Motor_UART_Rx_Data_Decoding  motor_comm_func.o
    0x08004ddc   0x08004ddc   0x00000002   Code   RO          621    i.NMI_Handler       stm32g4xx_it.o
    0x08004dde   0x08004dde   0x00000002   Code   RO          622    i.PendSV_Handler    stm32g4xx_it.o
    0x08004de0   0x08004de0   0x00000002   Code   RO          623    i.SVC_Handler       stm32g4xx_it.o
    0x08004de2   0x08004de2   0x0000000e   Code   RO          624    i.SysTick_Handler   stm32g4xx_it.o
    0x08004df0   0x08004df0   0x00000066   Code   RO           14    i.SystemClock_Config  main.o
    0x08004e56   0x08004e56   0x00000002   PAD
    0x08004e58   0x08004e58   0x00000010   Code   RO         5219    i.SystemInit        system_stm32g4xx.o
    0x08004e68   0x08004e68   0x000000b8   Code   RO         3630    i.TIM_Base_SetConfig  stm32g4xx_hal_tim.o
    0x08004f20   0x08004f20   0x0000001a   Code   RO         3631    i.TIM_CCxChannelCmd  stm32g4xx_hal_tim.o
    0x08004f3a   0x08004f3a   0x0000001a   Code   RO         4317    i.TIM_CCxNChannelCmd  stm32g4xx_hal_tim_ex.o
    0x08004f54   0x08004f54   0x00000014   Code   RO         3641    i.TIM_ETR_SetConfig  stm32g4xx_hal_tim.o
    0x08004f68   0x08004f68   0x00000014   Code   RO         3642    i.TIM_ITRx_SetConfig  stm32g4xx_hal_tim.o
    0x08004f7c   0x08004f7c   0x000000a4   Code   RO         3643    i.TIM_OC1_SetConfig  stm32g4xx_hal_tim.o
    0x08005020   0x08005020   0x00000094   Code   RO         3644    i.TIM_OC2_SetConfig  stm32g4xx_hal_tim.o
    0x080050b4   0x080050b4   0x00000094   Code   RO         3645    i.TIM_OC3_SetConfig  stm32g4xx_hal_tim.o
    0x08005148   0x08005148   0x00000094   Code   RO         3646    i.TIM_OC4_SetConfig  stm32g4xx_hal_tim.o
    0x080051dc   0x080051dc   0x00000070   Code   RO         3647    i.TIM_OC5_SetConfig  stm32g4xx_hal_tim.o
    0x0800524c   0x0800524c   0x00000070   Code   RO         3648    i.TIM_OC6_SetConfig  stm32g4xx_hal_tim.o
    0x080052bc   0x080052bc   0x0000005c   Code   RO         3650    i.TIM_TI1_ConfigInputStage  stm32g4xx_hal_tim.o
    0x08005318   0x08005318   0x00000040   Code   RO         3652    i.TIM_TI2_ConfigInputStage  stm32g4xx_hal_tim.o
    0x08005358   0x08005358   0x00000044   Code   RO         5114    i.UARTEx_SetNbDataToProcess  stm32g4xx_hal_uart_ex.o
    0x0800539c   0x0800539c   0x000000c8   Code   RO         4723    i.UART_AdvFeatureConfig  stm32g4xx_hal_uart.o
    0x08005464   0x08005464   0x000000ac   Code   RO         4724    i.UART_CheckIdleState  stm32g4xx_hal_uart.o
    0x08005510   0x08005510   0x0000000a   Code   RO         4725    i.UART_DMAAbortOnError  stm32g4xx_hal_uart.o
    0x0800551a   0x0800551a   0x00000044   Code   RO         4726    i.UART_DMAError     stm32g4xx_hal_uart.o
    0x0800555e   0x0800555e   0x000000a0   Code   RO         4727    i.UART_DMAReceiveCplt  stm32g4xx_hal_uart.o
    0x080055fe   0x080055fe   0x0000003c   Code   RO         4729    i.UART_DMARxHalfCplt  stm32g4xx_hal_uart.o
    0x0800563a   0x0800563a   0x00000042   Code   RO         4731    i.UART_DMATransmitCplt  stm32g4xx_hal_uart.o
    0x0800567c   0x0800567c   0x0000000a   Code   RO         4733    i.UART_DMATxHalfCplt  stm32g4xx_hal_uart.o
    0x08005686   0x08005686   0x00000002   PAD
    0x08005688   0x08005688   0x00000054   Code   RO         4735    i.UART_EndRxTransfer  stm32g4xx_hal_uart.o
    0x080056dc   0x080056dc   0x0000002e   Code   RO         4736    i.UART_EndTxTransfer  stm32g4xx_hal_uart.o
    0x0800570a   0x0800570a   0x00000002   PAD
    0x0800570c   0x0800570c   0x00000274   Code   RO         4741    i.UART_SetConfig    stm32g4xx_hal_uart.o
    0x08005980   0x08005980   0x000000a8   Code   RO         4742    i.UART_Start_Receive_DMA  stm32g4xx_hal_uart.o
    0x08005a28   0x08005a28   0x00000094   Code   RO         4748    i.UART_WaitOnFlagUntilTimeout  stm32g4xx_hal_uart.o
    0x08005abc   0x08005abc   0x0000000c   Code   RO          625    i.USART3_IRQHandler  stm32g4xx_it.o
    0x08005ac8   0x08005ac8   0x00000002   Code   RO          626    i.UsageFault_Handler  stm32g4xx_it.o
    0x08005aca   0x08005aca   0x00000026   Code   RO         5548    i.__ARM_fpclassifyf  m_wm.l(fpclassifyf.o)
    0x08005af0   0x08005af0   0x00000020   Code   RO         2568    i.__NVIC_SetPriority  stm32g4xx_hal_cortex.o
    0x08005b10   0x08005b10   0x00000150   Code   RO         5471    i.__hardfp_cosf     m_wm.l(cosf.o)
    0x08005c60   0x08005c60   0x00000664   Code   RO         5483    i.__hardfp_powf     m_wm.l(powf.o)
    0x080062c4   0x080062c4   0x00000190   Code   RO         5497    i.__hardfp_sinf     m_wm.l(sinf.o)
    0x08006454   0x08006454   0x00000014   Code   RO         5550    i.__mathlib_flt_divzero  m_wm.l(funder.o)
    0x08006468   0x08006468   0x00000006   Code   RO         5551    i.__mathlib_flt_infnan  m_wm.l(funder.o)
    0x0800646e   0x0800646e   0x00000006   Code   RO         5552    i.__mathlib_flt_infnan2  m_wm.l(funder.o)
    0x08006474   0x08006474   0x00000010   Code   RO         5553    i.__mathlib_flt_invalid  m_wm.l(funder.o)
    0x08006484   0x08006484   0x00000010   Code   RO         5554    i.__mathlib_flt_overflow  m_wm.l(funder.o)
    0x08006494   0x08006494   0x00000010   Code   RO         5556    i.__mathlib_flt_underflow  m_wm.l(funder.o)
    0x080064a4   0x080064a4   0x00000154   Code   RO         5564    i.__mathlib_rredf2  m_wm.l(rredf.o)
    0x080065f8   0x080065f8   0x0000000e   Code   RO         5599    i.__scatterload_copy  mc_w.l(handlers.o)
    0x08006606   0x08006606   0x00000002   Code   RO         5600    i.__scatterload_null  mc_w.l(handlers.o)
    0x08006608   0x08006608   0x0000000e   Code   RO         5601    i.__scatterload_zeroinit  mc_w.l(handlers.o)
    0x08006616   0x08006616   0x00000002   PAD
    0x08006618   0x08006618   0x0000000c   Code   RO         5587    i.__set_errno       mc_w.l(errno.o)
    0x08006624   0x08006624   0x00000604   Code   RO         5445    i.doubleloop_step   doubleloop.o
    0x08006c28   0x08006c28   0x00000024   Code   RO         5256    i.m_app_Init        motor_struct.o
    0x08006c4c   0x08006c4c   0x00000046   Code   RO           15    i.main              main.o
    0x08006c92   0x08006c92   0x00000002   PAD
    0x08006c94   0x08006c94   0x00000104   Code   RO         5288    i.my_strtof         motor_comm_func.o
    0x08006d98   0x08006d98   0x0000002e   Code   RO         5289    i.split_string      motor_comm_func.o
    0x08006dc6   0x08006dc6   0x00000018   Data   RO         4749    .constdata          stm32g4xx_hal_uart.o
    0x08006dde   0x08006dde   0x00000010   Data   RO         5115    .constdata          stm32g4xx_hal_uart_ex.o
    0x08006dee   0x08006dee   0x00000010   Data   RO         5220    .constdata          system_stm32g4xx.o
    0x08006dfe   0x08006dfe   0x00000008   Data   RO         5221    .constdata          system_stm32g4xx.o
    0x08006e06   0x08006e06   0x00000002   PAD
    0x08006e08   0x08006e08   0x00000004   Data   RO         5448    .constdata          doubleloop.o
    0x08006e0c   0x08006e0c   0x00000140   Data   RO         5486    .constdata          m_wm.l(powf.o)
    0x08006f4c   0x08006f4c   0x00000081   Data   RO         5515    .constdata          mc_w.l(ctype_o.o)
    0x08006fcd   0x08006fcd   0x00000003   PAD
    0x08006fd0   0x08006fd0   0x00000004   Data   RO         5516    .constdata          mc_w.l(ctype_o.o)
    0x08006fd4   0x08006fd4   0x00000020   Data   RO         5565    .constdata          m_wm.l(rredf.o)
    0x08006ff4   0x08006ff4   0x00000020   Data   RO         5597    Region$$Table       anon$$obj.o


    Execution Region RW_IRAM1 (Exec base: 0x20000000, Load base: 0x08007014, Size: 0x00000a38, Max: 0x00008000, ABSOLUTE)

    Exec Addr    Load Addr    Size         Type   Attr      Idx    E Section Name        Object

    0x20000000   0x08007014   0x00000004   Data   RW          257    .data               adc.o
    0x20000004   0x08007018   0x0000000c   Data   RW         1228    .data               stm32g4xx_hal.o
    0x20000010   0x08007024   0x00000004   Data   RW         5222    .data               system_stm32g4xx.o
    0x20000014   0x08007028   0x00000020   Data   RW         5290    .data               motor_comm_func.o
    0x20000034   0x08007048   0x0000000e   Data   RW         5370    .data               motor_task_func.o
    0x20000042   0x08007056   0x00000002   PAD
    0x20000044   0x08007058   0x00000018   Data   RW         5449    .data               doubleloop.o
    0x2000005c   0x08007070   0x00000004   Data   RW         5588    .data               mc_w.l(errno.o)
    0x20000060        -       0x000000d8   Zero   RW          256    .bss                adc.o
    0x20000138        -       0x00000024   Zero   RW          304    .bss                comp.o
    0x2000015c        -       0x00000014   Zero   RW          346    .bss                dac.o
    0x20000170        -       0x000000b4   Zero   RW          414    .bss                opamp.o
    0x20000224        -       0x00000064   Zero   RW          466    .bss                spi.o
    0x20000288        -       0x00000098   Zero   RW          512    .bss                tim.o
    0x20000320        -       0x00000154   Zero   RW          574    .bss                usart.o
    0x20000474        -       0x00000154   Zero   RW         5257    .bss                motor_struct.o
    0x200005c8        -       0x00000060   Zero   RW         5446    .bss                doubleloop.o
    0x20000628        -       0x0000000c   Zero   RW         5447    .bss                doubleloop.o
    0x20000634   0x08007074   0x00000004   PAD
    0x20000638        -       0x00000400   Zero   RW            1    STACK               startup_stm32g431xx.o


==============================================================================

Image component sizes


      Code (inc. data)   RO Data    RW Data    ZI Data      Debug   Object Name

       712         50          0          4        216       3270   adc.o
       132         22          0          0         36       1948   comp.o
       128         20          0          0         20       1877   dac.o
        76          4          0          0          0        962   dma.o
      1540        104          4         24        108       4650   doubleloop.o
       220         12          0          0          0       1155   gpio.o
       176          0          0          0          0     720145   main.o
       538         34          0         32          0       6013   motor_comm_func.o
        36         10          0          0        340       1837   motor_struct.o
      1100        192          0         14          0       7808   motor_task_func.o
       304         44          0          0        180       3373   opamp.o
       180         22          0          0        100       1985   spi.o
        36          8        472          0       1024        900   startup_stm32g431xx.o
       126         20          0         12          0       4121   stm32g4xx_hal.o
      2810        134          0          0          0      82660   stm32g4xx_hal_adc.o
      2278        100          0          0          0      80558   stm32g4xx_hal_adc_ex.o
       368         34          0          0          0       6997   stm32g4xx_hal_comp.o
       198         14          0          0          0      34271   stm32g4xx_hal_cortex.o
       664         20          0          0          0       4698   stm32g4xx_hal_dac.o
       928         30          0          0          0       7346   stm32g4xx_hal_dma.o
       614         38          0          0          0       3944   stm32g4xx_hal_gpio.o
        48          6          0          0          0       1010   stm32g4xx_hal_msp.o
       288          8          0          0          0       2683   stm32g4xx_hal_opamp.o
       204         18          0          0          0       1549   stm32g4xx_hal_pwr_ex.o
      1700         98          0          0          0       7272   stm32g4xx_hal_rcc.o
       648         10          0          0          0       2044   stm32g4xx_hal_rcc_ex.o
       234          0          0          0          0       1415   stm32g4xx_hal_spi.o
      2830        318          0          0          0      19771   stm32g4xx_hal_tim.o
       832         64          0          0          0       6382   stm32g4xx_hal_tim_ex.o
      2876        110         24          0          0      38118   stm32g4xx_hal_uart.o
       362          6         16          0          0       6921   stm32g4xx_hal_uart_ex.o
       124         28          0          0          0       7691   stm32g4xx_it.o
        16          4         24          4          0       1343   system_stm32g4xx.o
       736         54          0          0        152       4483   tim.o
       348         32          0          0        340       2268   usart.o

    ----------------------------------------------------------------------
     24452       1668        574         92       2520    1083468   Object Totals
         0          0         32          0          0          0   (incl. Generated)
        42          0          2          2          4          0   (incl. Padding)

    ----------------------------------------------------------------------

      Code (inc. data)   RO Data    RW Data    ZI Data      Debug   Library Member Name

       336         56          0          0          0        136   cosf.o
        38          0          0          0          0        116   fpclassifyf.o
        80         24          0          0          0        696   funder.o
      1636        110        320          0          0        372   powf.o
       340         24         32          0          0        160   rredf.o
       400         56          0          0          0        212   sinf.o
         8          4        133          0          0         68   ctype_o.o
         0          0          0          0          0          0   entry.o
         0          0          0          0          0          0   entry10a.o
         0          0          0          0          0          0   entry11a.o
         8          4          0          0          0          0   entry2.o
         4          0          0          0          0          0   entry5.o
         0          0          0          0          0          0   entry7b.o
         0          0          0          0          0          0   entry8b.o
         8          4          0          0          0          0   entry9a.o
        12          6          0          4          0         68   errno.o
        30          0          0          0          0          0   handlers.o
        36          8          0          0          0         68   init.o
         0          0          0          0          0          0   iusefp.o
        30          0          0          0          0         68   llshl.o
        32          0          0          0          0         68   llushr.o
        36          0          0          0          0         68   memcpya.o
        36          0          0          0          0        108   memseta.o
        98          0          0          0          0         92   uldiv.o
         4          0          0          0          0         68   fpstat.o

    ----------------------------------------------------------------------
      3178        296        488          4          0       2368   Library Totals
         6          0          3          0          0          0   (incl. Padding)

    ----------------------------------------------------------------------

      Code (inc. data)   RO Data    RW Data    ZI Data      Debug   Library Name

      2830        270        352          0          0       1692   m_wm.l
       338         26        133          4          0        608   mc_w.l
         4          0          0          0          0         68   mf_w.l

    ----------------------------------------------------------------------
      3178        296        488          4          0       2368   Library Totals

    ----------------------------------------------------------------------

==============================================================================


      Code (inc. data)   RO Data    RW Data    ZI Data      Debug   

     27630       1964       1062         96       2520    1067232   Grand Totals
     27630       1964       1062         96       2520    1067232   ELF Image Totals
     27630       1964       1062         96          0          0   ROM Totals

==============================================================================

    Total RO  Size (Code + RO Data)                28692 (  28.02kB)
    Total RW  Size (RW Data + ZI Data)              2616 (   2.55kB)
    Total ROM Size (Code + RO Data + RW Data)      28788 (  28.11kB)

==============================================================================

